F:\WORK\MUSERVERSSOURCE\S13\SOURCE-FILES\GAMESERVER\GAMESERVER\RELEASE\GAMESERVER\380ITEMOPTION.OBJ
F:\WORK\MUSERVERSSOURCE\S13\SOURCE-FILES\GAMESERVER\GAMESERVER\RELEASE\GAMESERVER\380ITEMTYPE.OBJ
F:\WORK\MUSERVERSSOURCE\S13\SOURCE-FILES\GAMESERVER\GAMESERVER\RELEASE\GAMESERVER\ADDONS.OBJ
F:\WORK\MUSERVERSSOURCE\S13\SOURCE-FILES\GAMESERVER\GAMESERVER\RELEASE\GAMESERVER\ARCABATTLE.OBJ
F:\WORK\MUSERVERSSOURCE\S13\SOURCE-FILES\GAMESERVER\GAMESERVER\RELEASE\GAMESERVER\ATTACK.OBJ
F:\WORK\MUSERVERSSOURCE\S13\SOURCE-FILES\GAMESERVER\GAMESERVER\RELEASE\GAMESERVER\BATTLEGROUND.OBJ
F:\WORK\MUSERVERSSOURCE\S13\SOURCE-FILES\GAMESERVER\GAMESERVER\RELEASE\GAMESERVER\BATTLESOCCER.OBJ
F:\WORK\MUSERVERSSOURCE\S13\SOURCE-FILES\GAMESERVER\GAMESERVER\RELEASE\GAMESERVER\BATTLESOCCERMANAGER.OBJ
F:\WORK\MUSERVERSSOURCE\S13\SOURCE-FILES\GAMESERVER\GAMESERVER\RELEASE\GAMESERVER\BLOODCASTLE.OBJ
F:\WORK\MUSERVERSSOURCE\S13\SOURCE-FILES\GAMESERVER\GAMESERVER\RELEASE\GAMESERVER\BONUSMANAGER.OBJ
F:\WORK\MUSERVERSSOURCE\S13\SOURCE-FILES\GAMESERVER\GAMESERVER\RELEASE\GAMESERVER\CACHERONGUARDIANEVENT.OBJ
F:\WORK\MUSERVERSSOURCE\S13\SOURCE-FILES\GAMESERVER\GAMESERVER\RELEASE\GAMESERVER\CALFORMULA.OBJ
F:\WORK\MUSERVERSSOURCE\S13\SOURCE-FILES\GAMESERVER\GAMESERVER\RELEASE\GAMESERVER\CANNONTOWER.OBJ
F:\WORK\MUSERVERSSOURCE\S13\SOURCE-FILES\GAMESERVER\GAMESERVER\RELEASE\GAMESERVER\CASHSHOP.OBJ
F:\WORK\MUSERVERSSOURCE\S13\SOURCE-FILES\GAMESERVER\GAMESERVER\RELEASE\GAMESERVER\CASTLEDEEP.OBJ
F:\WORK\MUSERVERSSOURCE\S13\SOURCE-FILES\GAMESERVER\GAMESERVER\RELEASE\GAMESERVER\CASTLESIEGE.OBJ
F:\WORK\MUSERVERSSOURCE\S13\SOURCE-FILES\GAMESERVER\GAMESERVER\RELEASE\GAMESERVER\CASTLESIEGECROWN.OBJ
F:\WORK\MUSERVERSSOURCE\S13\SOURCE-FILES\GAMESERVER\GAMESERVER\RELEASE\GAMESERVER\CASTLESIEGECROWNSWITCH.OBJ
F:\WORK\MUSERVERSSOURCE\S13\SOURCE-FILES\GAMESERVER\GAMESERVER\RELEASE\GAMESERVER\CASTLESIEGESYNC.OBJ
F:\WORK\MUSERVERSSOURCE\S13\SOURCE-FILES\GAMESERVER\GAMESERVER\RELEASE\GAMESERVER\CASTLESIEGEWEAPON.OBJ
F:\WORK\MUSERVERSSOURCE\S13\SOURCE-FILES\GAMESERVER\GAMESERVER\RELEASE\GAMESERVER\CBLOCKCHATUSERSYSTEM.OBJ
F:\WORK\MUSERVERSSOURCE\S13\SOURCE-FILES\GAMESERVER\GAMESERVER\RELEASE\GAMESERVER\CBOMBHUNTINFO.OBJ
F:\WORK\MUSERVERSSOURCE\S13\SOURCE-FILES\GAMESERVER\GAMESERVER\RELEASE\GAMESERVER\CBOMBHUNTMNG.OBJ
F:\WORK\MUSERVERSSOURCE\S13\SOURCE-FILES\GAMESERVER\GAMESERVER\RELEASE\GAMESERVER\CCRC32.OBJ
F:\WORK\MUSERVERSSOURCE\S13\SOURCE-FILES\GAMESERVER\GAMESERVER\RELEASE\GAMESERVER\CHAOSBOX.OBJ
F:\WORK\MUSERVERSSOURCE\S13\SOURCE-FILES\GAMESERVER\GAMESERVER\RELEASE\GAMESERVER\CHAOSCASTLE.OBJ
F:\WORK\MUSERVERSSOURCE\S13\SOURCE-FILES\GAMESERVER\GAMESERVER\RELEASE\GAMESERVER\CHATSYSTEM.OBJ
F:\WORK\MUSERVERSSOURCE\S13\SOURCE-FILES\GAMESERVER\GAMESERVER\RELEASE\GAMESERVER\CHEATGUARD.OBJ
F:\Work\MuServersSource\s13\source-files\GameServer\GameServer\Release\GameServer\cl.command.1.tlog
F:\Work\MuServersSource\s13\source-files\GameServer\GameServer\Release\GameServer\CL.read.1.tlog
F:\Work\MuServersSource\s13\source-files\GameServer\GameServer\Release\GameServer\CL.write.1.tlog
F:\WORK\MUSERVERSSOURCE\S13\SOURCE-FILES\GAMESERVER\GAMESERVER\RELEASE\GAMESERVER\CNIXIESLAKEBOSS.OBJ
F:\WORK\MUSERVERSSOURCE\S13\SOURCE-FILES\GAMESERVER\GAMESERVER\RELEASE\GAMESERVER\CNIXIESLAKEBOSSZONE.OBJ
F:\WORK\MUSERVERSSOURCE\S13\SOURCE-FILES\GAMESERVER\GAMESERVER\RELEASE\GAMESERVER\COMBOSKILL.OBJ
F:\WORK\MUSERVERSSOURCE\S13\SOURCE-FILES\GAMESERVER\GAMESERVER\RELEASE\GAMESERVER\COMBOSKILLPATH.OBJ
F:\WORK\MUSERVERSSOURCE\S13\SOURCE-FILES\GAMESERVER\GAMESERVER\RELEASE\GAMESERVER\COMMANDMANAGER.OBJ
F:\WORK\MUSERVERSSOURCE\S13\SOURCE-FILES\GAMESERVER\GAMESERVER\RELEASE\GAMESERVER\CONFIGS.OBJ
F:\WORK\MUSERVERSSOURCE\S13\SOURCE-FILES\GAMESERVER\GAMESERVER\RELEASE\GAMESERVER\CONNECTION.OBJ
F:\WORK\MUSERVERSSOURCE\S13\SOURCE-FILES\GAMESERVER\GAMESERVER\RELEASE\GAMESERVER\CRITICALSECTION.OBJ
F:\WORK\MUSERVERSSOURCE\S13\SOURCE-FILES\GAMESERVER\GAMESERVER\RELEASE\GAMESERVER\CRYWOLF.OBJ
F:\WORK\MUSERVERSSOURCE\S13\SOURCE-FILES\GAMESERVER\GAMESERVER\RELEASE\GAMESERVER\CRYWOLFALTAR.OBJ
F:\WORK\MUSERVERSSOURCE\S13\SOURCE-FILES\GAMESERVER\GAMESERVER\RELEASE\GAMESERVER\CRYWOLFOBJINFO.OBJ
F:\WORK\MUSERVERSSOURCE\S13\SOURCE-FILES\GAMESERVER\GAMESERVER\RELEASE\GAMESERVER\CRYWOLFSTATETIMEINFO.OBJ
F:\WORK\MUSERVERSSOURCE\S13\SOURCE-FILES\GAMESERVER\GAMESERVER\RELEASE\GAMESERVER\CRYWOLFSTATUE.OBJ
F:\WORK\MUSERVERSSOURCE\S13\SOURCE-FILES\GAMESERVER\GAMESERVER\RELEASE\GAMESERVER\CRYWOLFSYNC.OBJ
F:\WORK\MUSERVERSSOURCE\S13\SOURCE-FILES\GAMESERVER\GAMESERVER\RELEASE\GAMESERVER\CRYWOLFUTIL.OBJ
F:\WORK\MUSERVERSSOURCE\S13\SOURCE-FILES\GAMESERVER\GAMESERVER\RELEASE\GAMESERVER\CSPROTOCOL.OBJ
F:\WORK\MUSERVERSSOURCE\S13\SOURCE-FILES\GAMESERVER\GAMESERVER\RELEASE\GAMESERVER\CUSTOMARENA.OBJ
F:\WORK\MUSERVERSSOURCE\S13\SOURCE-FILES\GAMESERVER\GAMESERVER\RELEASE\GAMESERVER\CUSTOMATTACK.OBJ
F:\WORK\MUSERVERSSOURCE\S13\SOURCE-FILES\GAMESERVER\GAMESERVER\RELEASE\GAMESERVER\CUSTOMEVENTDROP.OBJ
F:\WORK\MUSERVERSSOURCE\S13\SOURCE-FILES\GAMESERVER\GAMESERVER\RELEASE\GAMESERVER\CUSTOMJEWEL.OBJ
F:\WORK\MUSERVERSSOURCE\S13\SOURCE-FILES\GAMESERVER\GAMESERVER\RELEASE\GAMESERVER\CUSTOMMONSTER.OBJ
F:\WORK\MUSERVERSSOURCE\S13\SOURCE-FILES\GAMESERVER\GAMESERVER\RELEASE\GAMESERVER\CUSTOMPVPTIME.OBJ
F:\WORK\MUSERVERSSOURCE\S13\SOURCE-FILES\GAMESERVER\GAMESERVER\RELEASE\GAMESERVER\CUSTOMSTORE.OBJ
F:\WORK\MUSERVERSSOURCE\S13\SOURCE-FILES\GAMESERVER\GAMESERVER\RELEASE\GAMESERVER\CUSTOMWING.OBJ
F:\WORK\MUSERVERSSOURCE\S13\SOURCE-FILES\GAMESERVER\GAMESERVER\RELEASE\GAMESERVER\DARKSPIRIT.OBJ
F:\WORK\MUSERVERSSOURCE\S13\SOURCE-FILES\GAMESERVER\GAMESERVER\RELEASE\GAMESERVER\DEFAULTCLASSINFO.OBJ
F:\WORK\MUSERVERSSOURCE\S13\SOURCE-FILES\GAMESERVER\GAMESERVER\RELEASE\GAMESERVER\DEVILSQUARE.OBJ
F:\WORK\MUSERVERSSOURCE\S13\SOURCE-FILES\GAMESERVER\GAMESERVER\RELEASE\GAMESERVER\DOUBLEGOER.OBJ
F:\WORK\MUSERVERSSOURCE\S13\SOURCE-FILES\GAMESERVER\GAMESERVER\RELEASE\GAMESERVER\DROPSYSTEM.OBJ
F:\WORK\MUSERVERSSOURCE\S13\SOURCE-FILES\GAMESERVER\GAMESERVER\RELEASE\GAMESERVER\DSPROTOCOL.OBJ
F:\WORK\MUSERVERSSOURCE\S13\SOURCE-FILES\GAMESERVER\GAMESERVER\RELEASE\GAMESERVER\DUEL.OBJ
F:\WORK\MUSERVERSSOURCE\S13\SOURCE-FILES\GAMESERVER\GAMESERVER\RELEASE\GAMESERVER\EFFECT.OBJ
F:\WORK\MUSERVERSSOURCE\S13\SOURCE-FILES\GAMESERVER\GAMESERVER\RELEASE\GAMESERVER\EFFECTMANAGER.OBJ
F:\WORK\MUSERVERSSOURCE\S13\SOURCE-FILES\GAMESERVER\GAMESERVER\RELEASE\GAMESERVER\ESPROTOCOL.OBJ
F:\WORK\MUSERVERSSOURCE\S13\SOURCE-FILES\GAMESERVER\GAMESERVER\RELEASE\GAMESERVER\EVENTINVENTORY.OBJ
F:\WORK\MUSERVERSSOURCE\S13\SOURCE-FILES\GAMESERVER\GAMESERVER\RELEASE\GAMESERVER\EXPERIENCETABLE.OBJ
F:\WORK\MUSERVERSSOURCE\S13\SOURCE-FILES\GAMESERVER\GAMESERVER\RELEASE\GAMESERVER\FILAHIT.OBJ
F:\WORK\MUSERVERSSOURCE\S13\SOURCE-FILES\GAMESERVER\GAMESERVER\RELEASE\GAMESERVER\FILTER.OBJ
F:\WORK\MUSERVERSSOURCE\S13\SOURCE-FILES\GAMESERVER\GAMESERVER\RELEASE\GAMESERVER\FORTHTREE.OBJ
F:\WORK\MUSERVERSSOURCE\S13\SOURCE-FILES\GAMESERVER\GAMESERVER\RELEASE\GAMESERVER\FRUIT.OBJ
F:\WORK\MUSERVERSSOURCE\S13\SOURCE-FILES\GAMESERVER\GAMESERVER\RELEASE\GAMESERVER\GAMEMAIN.OBJ
F:\WORK\MUSERVERSSOURCE\S13\SOURCE-FILES\GAMESERVER\GAMESERVER\RELEASE\GAMESERVER\GAMEMASTER.OBJ
F:\WORK\MUSERVERSSOURCE\S13\SOURCE-FILES\GAMESERVER\GAMESERVER\RELEASE\GAMESERVER\GAMESERVER.EXE.INTERMEDIATE.MANIFEST
F:\WORK\MUSERVERSSOURCE\S13\SOURCE-FILES\GAMESERVER\GAMESERVER\RELEASE\GAMESERVER\GAMESERVER.OBJ
F:\WORK\MUSERVERSSOURCE\S13\SOURCE-FILES\GAMESERVER\GAMESERVER\RELEASE\GAMESERVER\GAMESERVER.PCH
F:\WORK\MUSERVERSSOURCE\S13\SOURCE-FILES\GAMESERVER\GAMESERVER\RELEASE\GAMESERVER\GAMESERVER.RES
F:\Work\MuServersSource\s13\source-files\GameServer\GameServer\Release\GameServer\GameServer.write.1.tlog
F:\WORK\MUSERVERSSOURCE\S13\SOURCE-FILES\GAMESERVER\GAMESERVER\RELEASE\GAMESERVER\GATE.OBJ
F:\WORK\MUSERVERSSOURCE\S13\SOURCE-FILES\GAMESERVER\GAMESERVER\RELEASE\GAMESERVER\GENSSYSTEM.OBJ
F:\WORK\MUSERVERSSOURCE\S13\SOURCE-FILES\GAMESERVER\GAMESERVER\RELEASE\GAMESERVER\GMSYSTEM.OBJ
F:\WORK\MUSERVERSSOURCE\S13\SOURCE-FILES\GAMESERVER\GAMESERVER\RELEASE\GAMESERVER\GODOFDARKNESS.OBJ
F:\WORK\MUSERVERSSOURCE\S13\SOURCE-FILES\GAMESERVER\GAMESERVER\RELEASE\GAMESERVER\GREMORYCASE.OBJ
F:\WORK\MUSERVERSSOURCE\S13\SOURCE-FILES\GAMESERVER\GAMESERVER\RELEASE\GAMESERVER\GUARDIANSTATUE.OBJ
F:\WORK\MUSERVERSSOURCE\S13\SOURCE-FILES\GAMESERVER\GAMESERVER\RELEASE\GAMESERVER\GUILD.OBJ
F:\WORK\MUSERVERSSOURCE\S13\SOURCE-FILES\GAMESERVER\GAMESERVER\RELEASE\GAMESERVER\GUILDCLASS.OBJ
F:\WORK\MUSERVERSSOURCE\S13\SOURCE-FILES\GAMESERVER\GAMESERVER\RELEASE\GAMESERVER\GUILDMATCHING.OBJ
F:\WORK\MUSERVERSSOURCE\S13\SOURCE-FILES\GAMESERVER\GAMESERVER\RELEASE\GAMESERVER\HACKCHECK.OBJ
F:\WORK\MUSERVERSSOURCE\S13\SOURCE-FILES\GAMESERVER\GAMESERVER\RELEASE\GAMESERVER\HACKPACKETCHECK.OBJ
F:\WORK\MUSERVERSSOURCE\S13\SOURCE-FILES\GAMESERVER\GAMESERVER\RELEASE\GAMESERVER\HELPER.OBJ
F:\WORK\MUSERVERSSOURCE\S13\SOURCE-FILES\GAMESERVER\GAMESERVER\RELEASE\GAMESERVER\HUNTINGGROUNDS.OBJ
F:\WORK\MUSERVERSSOURCE\S13\SOURCE-FILES\GAMESERVER\GAMESERVER\RELEASE\GAMESERVER\ILLUSIONTEMPLE.OBJ
F:\WORK\MUSERVERSSOURCE\S13\SOURCE-FILES\GAMESERVER\GAMESERVER\RELEASE\GAMESERVER\IMPERIALGUARDIAN.OBJ
F:\WORK\MUSERVERSSOURCE\S13\SOURCE-FILES\GAMESERVER\GAMESERVER\RELEASE\GAMESERVER\INVASIONMANAGER.OBJ
F:\WORK\MUSERVERSSOURCE\S13\SOURCE-FILES\GAMESERVER\GAMESERVER\RELEASE\GAMESERVER\INVENTORYEQUIPMENT.OBJ
F:\WORK\MUSERVERSSOURCE\S13\SOURCE-FILES\GAMESERVER\GAMESERVER\RELEASE\GAMESERVER\IPMANAGER.OBJ
F:\WORK\MUSERVERSSOURCE\S13\SOURCE-FILES\GAMESERVER\GAMESERVER\RELEASE\GAMESERVER\ITEM.OBJ
F:\WORK\MUSERVERSSOURCE\S13\SOURCE-FILES\GAMESERVER\GAMESERVER\RELEASE\GAMESERVER\ITEMBAG.OBJ
F:\WORK\MUSERVERSSOURCE\S13\SOURCE-FILES\GAMESERVER\GAMESERVER\RELEASE\GAMESERVER\ITEMBAGEX.OBJ
F:\WORK\MUSERVERSSOURCE\S13\SOURCE-FILES\GAMESERVER\GAMESERVER\RELEASE\GAMESERVER\ITEMBAGMANAGER.OBJ
F:\WORK\MUSERVERSSOURCE\S13\SOURCE-FILES\GAMESERVER\GAMESERVER\RELEASE\GAMESERVER\ITEMDROP.OBJ
F:\WORK\MUSERVERSSOURCE\S13\SOURCE-FILES\GAMESERVER\GAMESERVER\RELEASE\GAMESERVER\ITEMMANAGER.OBJ
F:\WORK\MUSERVERSSOURCE\S13\SOURCE-FILES\GAMESERVER\GAMESERVER\RELEASE\GAMESERVER\ITEMMOVE.OBJ
F:\WORK\MUSERVERSSOURCE\S13\SOURCE-FILES\GAMESERVER\GAMESERVER\RELEASE\GAMESERVER\ITEMOPTION.OBJ
F:\WORK\MUSERVERSSOURCE\S13\SOURCE-FILES\GAMESERVER\GAMESERVER\RELEASE\GAMESERVER\ITEMOPTIONRATE.OBJ
F:\WORK\MUSERVERSSOURCE\S13\SOURCE-FILES\GAMESERVER\GAMESERVER\RELEASE\GAMESERVER\ITEMSTACK.OBJ
F:\WORK\MUSERVERSSOURCE\S13\SOURCE-FILES\GAMESERVER\GAMESERVER\RELEASE\GAMESERVER\ITEMVALUE.OBJ
F:\WORK\MUSERVERSSOURCE\S13\SOURCE-FILES\GAMESERVER\GAMESERVER\RELEASE\GAMESERVER\JEWELMIX.OBJ
F:\WORK\MUSERVERSSOURCE\S13\SOURCE-FILES\GAMESERVER\GAMESERVER\RELEASE\GAMESERVER\JEWELOFHARMONYOPTION.OBJ
F:\WORK\MUSERVERSSOURCE\S13\SOURCE-FILES\GAMESERVER\GAMESERVER\RELEASE\GAMESERVER\JEWELOFHARMONYTYPE.OBJ
F:\WORK\MUSERVERSSOURCE\S13\SOURCE-FILES\GAMESERVER\GAMESERVER\RELEASE\GAMESERVER\JSPROTOCOL.OBJ
F:\WORK\MUSERVERSSOURCE\S13\SOURCE-FILES\GAMESERVER\GAMESERVER\RELEASE\GAMESERVER\KALIMA.OBJ
F:\WORK\MUSERVERSSOURCE\S13\SOURCE-FILES\GAMESERVER\GAMESERVER\RELEASE\GAMESERVER\KANTURU.OBJ
F:\WORK\MUSERVERSSOURCE\S13\SOURCE-FILES\GAMESERVER\GAMESERVER\RELEASE\GAMESERVER\KANTURUBATTLEOFMAYA.OBJ
F:\WORK\MUSERVERSSOURCE\S13\SOURCE-FILES\GAMESERVER\GAMESERVER\RELEASE\GAMESERVER\KANTURUBATTLEOFNIGHTMARE.OBJ
F:\WORK\MUSERVERSSOURCE\S13\SOURCE-FILES\GAMESERVER\GAMESERVER\RELEASE\GAMESERVER\KANTURUBATTLESTANBY.OBJ
F:\WORK\MUSERVERSSOURCE\S13\SOURCE-FILES\GAMESERVER\GAMESERVER\RELEASE\GAMESERVER\KANTURUBATTLEUSERMNG.OBJ
F:\WORK\MUSERVERSSOURCE\S13\SOURCE-FILES\GAMESERVER\GAMESERVER\RELEASE\GAMESERVER\KANTURUENTRANCENPC.OBJ
F:\WORK\MUSERVERSSOURCE\S13\SOURCE-FILES\GAMESERVER\GAMESERVER\RELEASE\GAMESERVER\KANTURUMAYA.OBJ
F:\WORK\MUSERVERSSOURCE\S13\SOURCE-FILES\GAMESERVER\GAMESERVER\RELEASE\GAMESERVER\KANTURUMONSTERMNG.OBJ
F:\WORK\MUSERVERSSOURCE\S13\SOURCE-FILES\GAMESERVER\GAMESERVER\RELEASE\GAMESERVER\KANTURUOBJINFO.OBJ
F:\WORK\MUSERVERSSOURCE\S13\SOURCE-FILES\GAMESERVER\GAMESERVER\RELEASE\GAMESERVER\KANTURUSTATEINFO.OBJ
F:\WORK\MUSERVERSSOURCE\S13\SOURCE-FILES\GAMESERVER\GAMESERVER\RELEASE\GAMESERVER\KANTURUTOWEROFREFINEMENT.OBJ
F:\WORK\MUSERVERSSOURCE\S13\SOURCE-FILES\GAMESERVER\GAMESERVER\RELEASE\GAMESERVER\KANTURUUTIL.OBJ
F:\WORK\MUSERVERSSOURCE\S13\SOURCE-FILES\GAMESERVER\GAMESERVER\RELEASE\GAMESERVER\LICENCECHECK.OBJ
F:\WORK\MUSERVERSSOURCE\S13\SOURCE-FILES\GAMESERVER\GAMESERVER\RELEASE\GAMESERVER\LIFESTONE.OBJ
F:\Work\MuServersSource\s13\source-files\GameServer\GameServer\Release\GameServer\link.command.1.tlog
F:\Work\MuServersSource\s13\source-files\GameServer\GameServer\Release\GameServer\link.read.1.tlog
F:\Work\MuServersSource\s13\source-files\GameServer\GameServer\Release\GameServer\link.write.1.tlog
F:\Work\MuServersSource\s13\source-files\GameServer\GameServer\Release\GameServer\link-cvtres.read.1.tlog
F:\Work\MuServersSource\s13\source-files\GameServer\GameServer\Release\GameServer\link-cvtres.write.1.tlog
F:\WORK\MUSERVERSSOURCE\S13\SOURCE-FILES\GAMESERVER\GAMESERVER\RELEASE\GAMESERVER\LOG.OBJ
F:\WORK\MUSERVERSSOURCE\S13\SOURCE-FILES\GAMESERVER\GAMESERVER\RELEASE\GAMESERVER\LOGGER.OBJ
F:\WORK\MUSERVERSSOURCE\S13\SOURCE-FILES\GAMESERVER\GAMESERVER\RELEASE\GAMESERVER\LUCKYCOIN.OBJ
F:\WORK\MUSERVERSSOURCE\S13\SOURCE-FILES\GAMESERVER\GAMESERVER\RELEASE\GAMESERVER\LUCKYITEM.OBJ
F:\WORK\MUSERVERSSOURCE\S13\SOURCE-FILES\GAMESERVER\GAMESERVER\RELEASE\GAMESERVER\MAP.OBJ
F:\WORK\MUSERVERSSOURCE\S13\SOURCE-FILES\GAMESERVER\GAMESERVER\RELEASE\GAMESERVER\MAPITEM.OBJ
F:\WORK\MUSERVERSSOURCE\S13\SOURCE-FILES\GAMESERVER\GAMESERVER\RELEASE\GAMESERVER\MAPMANAGER.OBJ
F:\WORK\MUSERVERSSOURCE\S13\SOURCE-FILES\GAMESERVER\GAMESERVER\RELEASE\GAMESERVER\MAPPATH.OBJ
F:\WORK\MUSERVERSSOURCE\S13\SOURCE-FILES\GAMESERVER\GAMESERVER\RELEASE\GAMESERVER\MAPSERVERMANAGER.OBJ
F:\WORK\MUSERVERSSOURCE\S13\SOURCE-FILES\GAMESERVER\GAMESERVER\RELEASE\GAMESERVER\MASTERSKILLTREE.OBJ
F:\WORK\MUSERVERSSOURCE\S13\SOURCE-FILES\GAMESERVER\GAMESERVER\RELEASE\GAMESERVER\MASTERSKILLTREE_4TH.OBJ
F:\WORK\MUSERVERSSOURCE\S13\SOURCE-FILES\GAMESERVER\GAMESERVER\RELEASE\GAMESERVER\MASTERYITEMEXTOPTIONSET.OBJ
F:\WORK\MUSERVERSSOURCE\S13\SOURCE-FILES\GAMESERVER\GAMESERVER\RELEASE\GAMESERVER\MATH.OBJ
F:\WORK\MUSERVERSSOURCE\S13\SOURCE-FILES\GAMESERVER\GAMESERVER\RELEASE\GAMESERVER\MEMORYALLOCATOR.OBJ
F:\WORK\MUSERVERSSOURCE\S13\SOURCE-FILES\GAMESERVER\GAMESERVER\RELEASE\GAMESERVER\MEMORYALLOCATORINFO.OBJ
F:\WORK\MUSERVERSSOURCE\S13\SOURCE-FILES\GAMESERVER\GAMESERVER\RELEASE\GAMESERVER\MEMSCRIPT.OBJ
F:\WORK\MUSERVERSSOURCE\S13\SOURCE-FILES\GAMESERVER\GAMESERVER\RELEASE\GAMESERVER\MERCENARY.OBJ
F:\WORK\MUSERVERSSOURCE\S13\SOURCE-FILES\GAMESERVER\GAMESERVER\RELEASE\GAMESERVER\MESSAGE.OBJ
F:\WORK\MUSERVERSSOURCE\S13\SOURCE-FILES\GAMESERVER\GAMESERVER\RELEASE\GAMESERVER\MINIDUMP.OBJ
F:\WORK\MUSERVERSSOURCE\S13\SOURCE-FILES\GAMESERVER\GAMESERVER\RELEASE\GAMESERVER\MINIMAP.OBJ
F:\WORK\MUSERVERSSOURCE\S13\SOURCE-FILES\GAMESERVER\GAMESERVER\RELEASE\GAMESERVER\MININGSYSTEM.OBJ
F:\WORK\MUSERVERSSOURCE\S13\SOURCE-FILES\GAMESERVER\GAMESERVER\RELEASE\GAMESERVER\MMITEMSLOT.OBJ
F:\WORK\MUSERVERSSOURCE\S13\SOURCE-FILES\GAMESERVER\GAMESERVER\RELEASE\GAMESERVER\MONSTER.OBJ
F:\WORK\MUSERVERSSOURCE\S13\SOURCE-FILES\GAMESERVER\GAMESERVER\RELEASE\GAMESERVER\MONSTERAI.OBJ
F:\WORK\MUSERVERSSOURCE\S13\SOURCE-FILES\GAMESERVER\GAMESERVER\RELEASE\GAMESERVER\MONSTERAIAGRO.OBJ
F:\WORK\MUSERVERSSOURCE\S13\SOURCE-FILES\GAMESERVER\GAMESERVER\RELEASE\GAMESERVER\MONSTERAIAUTOMATA.OBJ
F:\WORK\MUSERVERSSOURCE\S13\SOURCE-FILES\GAMESERVER\GAMESERVER\RELEASE\GAMESERVER\MONSTERAIAUTOMATAINFO.OBJ
F:\WORK\MUSERVERSSOURCE\S13\SOURCE-FILES\GAMESERVER\GAMESERVER\RELEASE\GAMESERVER\MONSTERAIELEMENT.OBJ
F:\WORK\MUSERVERSSOURCE\S13\SOURCE-FILES\GAMESERVER\GAMESERVER\RELEASE\GAMESERVER\MONSTERAIELEMENTINFO.OBJ
F:\WORK\MUSERVERSSOURCE\S13\SOURCE-FILES\GAMESERVER\GAMESERVER\RELEASE\GAMESERVER\MONSTERAIGROUP.OBJ
F:\WORK\MUSERVERSSOURCE\S13\SOURCE-FILES\GAMESERVER\GAMESERVER\RELEASE\GAMESERVER\MONSTERAIGROUPMEMBER.OBJ
F:\WORK\MUSERVERSSOURCE\S13\SOURCE-FILES\GAMESERVER\GAMESERVER\RELEASE\GAMESERVER\MONSTERAIMOVEPATH.OBJ
F:\WORK\MUSERVERSSOURCE\S13\SOURCE-FILES\GAMESERVER\GAMESERVER\RELEASE\GAMESERVER\MONSTERAIMOVEPATHINFO.OBJ
F:\WORK\MUSERVERSSOURCE\S13\SOURCE-FILES\GAMESERVER\GAMESERVER\RELEASE\GAMESERVER\MONSTERAIRULE.OBJ
F:\WORK\MUSERVERSSOURCE\S13\SOURCE-FILES\GAMESERVER\GAMESERVER\RELEASE\GAMESERVER\MONSTERAIRULEINFO.OBJ
F:\WORK\MUSERVERSSOURCE\S13\SOURCE-FILES\GAMESERVER\GAMESERVER\RELEASE\GAMESERVER\MONSTERAISTATE.OBJ
F:\WORK\MUSERVERSSOURCE\S13\SOURCE-FILES\GAMESERVER\GAMESERVER\RELEASE\GAMESERVER\MONSTERAIUNIT.OBJ
F:\WORK\MUSERVERSSOURCE\S13\SOURCE-FILES\GAMESERVER\GAMESERVER\RELEASE\GAMESERVER\MONSTERAIUNITINFO.OBJ
F:\WORK\MUSERVERSSOURCE\S13\SOURCE-FILES\GAMESERVER\GAMESERVER\RELEASE\GAMESERVER\MONSTERAIUTIL.OBJ
F:\WORK\MUSERVERSSOURCE\S13\SOURCE-FILES\GAMESERVER\GAMESERVER\RELEASE\GAMESERVER\MONSTERMANAGER.OBJ
F:\WORK\MUSERVERSSOURCE\S13\SOURCE-FILES\GAMESERVER\GAMESERVER\RELEASE\GAMESERVER\MONSTERSETBASE.OBJ
F:\WORK\MUSERVERSSOURCE\S13\SOURCE-FILES\GAMESERVER\GAMESERVER\RELEASE\GAMESERVER\MONSTERSKILLELEMENT.OBJ
F:\WORK\MUSERVERSSOURCE\S13\SOURCE-FILES\GAMESERVER\GAMESERVER\RELEASE\GAMESERVER\MONSTERSKILLELEMENTINFO.OBJ
F:\WORK\MUSERVERSSOURCE\S13\SOURCE-FILES\GAMESERVER\GAMESERVER\RELEASE\GAMESERVER\MONSTERSKILLELEMENTOPTION.OBJ
F:\WORK\MUSERVERSSOURCE\S13\SOURCE-FILES\GAMESERVER\GAMESERVER\RELEASE\GAMESERVER\MONSTERSKILLINFO.OBJ
F:\WORK\MUSERVERSSOURCE\S13\SOURCE-FILES\GAMESERVER\GAMESERVER\RELEASE\GAMESERVER\MONSTERSKILLMANAGER.OBJ
F:\WORK\MUSERVERSSOURCE\S13\SOURCE-FILES\GAMESERVER\GAMESERVER\RELEASE\GAMESERVER\MONSTERSKILLUNIT.OBJ
F:\WORK\MUSERVERSSOURCE\S13\SOURCE-FILES\GAMESERVER\GAMESERVER\RELEASE\GAMESERVER\MONSTERSKILLUNITINFO.OBJ
F:\WORK\MUSERVERSSOURCE\S13\SOURCE-FILES\GAMESERVER\GAMESERVER\RELEASE\GAMESERVER\MONSTERSPAWNER.OBJ
F:\WORK\MUSERVERSSOURCE\S13\SOURCE-FILES\GAMESERVER\GAMESERVER\RELEASE\GAMESERVER\MONSTERSTATS.OBJ
F:\WORK\MUSERVERSSOURCE\S13\SOURCE-FILES\GAMESERVER\GAMESERVER\RELEASE\GAMESERVER\MOSSMERCHANT.OBJ
F:\WORK\MUSERVERSSOURCE\S13\SOURCE-FILES\GAMESERVER\GAMESERVER\RELEASE\GAMESERVER\MOVE.OBJ
F:\WORK\MUSERVERSSOURCE\S13\SOURCE-FILES\GAMESERVER\GAMESERVER\RELEASE\GAMESERVER\MOVESUMMON.OBJ
F:\Work\MuServersSource\s13\source-files\GameServer\GameServer\Release\GameServer\mt.command.1.tlog
F:\Work\MuServersSource\s13\source-files\GameServer\GameServer\Release\GameServer\mt.read.1.tlog
F:\Work\MuServersSource\s13\source-files\GameServer\GameServer\Release\GameServer\mt.write.1.tlog
F:\WORK\MUSERVERSSOURCE\S13\SOURCE-FILES\GAMESERVER\GAMESERVER\RELEASE\GAMESERVER\MUFC.OBJ
F:\WORK\MUSERVERSSOURCE\S13\SOURCE-FILES\GAMESERVER\GAMESERVER\RELEASE\GAMESERVER\MURUMMY.OBJ
F:\WORK\MUSERVERSSOURCE\S13\SOURCE-FILES\GAMESERVER\GAMESERVER\RELEASE\GAMESERVER\MUUNSYSTEM.OBJ
F:\WORK\MUSERVERSSOURCE\S13\SOURCE-FILES\GAMESERVER\GAMESERVER\RELEASE\GAMESERVER\MYSTERIOUSSTONE.OBJ
F:\WORK\MUSERVERSSOURCE\S13\SOURCE-FILES\GAMESERVER\GAMESERVER\RELEASE\GAMESERVER\NEWQUESTWORLD.OBJ
F:\WORK\MUSERVERSSOURCE\S13\SOURCE-FILES\GAMESERVER\GAMESERVER\RELEASE\GAMESERVER\NEWSSYSTEM.OBJ
F:\WORK\MUSERVERSSOURCE\S13\SOURCE-FILES\GAMESERVER\GAMESERVER\RELEASE\GAMESERVER\NOTICE.OBJ
F:\WORK\MUSERVERSSOURCE\S13\SOURCE-FILES\GAMESERVER\GAMESERVER\RELEASE\GAMESERVER\NPCTALK.OBJ
F:\WORK\MUSERVERSSOURCE\S13\SOURCE-FILES\GAMESERVER\GAMESERVER\RELEASE\GAMESERVER\OBJECTMANAGER.OBJ
F:\WORK\MUSERVERSSOURCE\S13\SOURCE-FILES\GAMESERVER\GAMESERVER\RELEASE\GAMESERVER\OFICINA.OBJ
F:\WORK\MUSERVERSSOURCE\S13\SOURCE-FILES\GAMESERVER\GAMESERVER\RELEASE\GAMESERVER\PACKETMANAGER.OBJ
F:\WORK\MUSERVERSSOURCE\S13\SOURCE-FILES\GAMESERVER\GAMESERVER\RELEASE\GAMESERVER\PARTY.OBJ
F:\WORK\MUSERVERSSOURCE\S13\SOURCE-FILES\GAMESERVER\GAMESERVER\RELEASE\GAMESERVER\PARTYMATCHING.OBJ
F:\WORK\MUSERVERSSOURCE\S13\SOURCE-FILES\GAMESERVER\GAMESERVER\RELEASE\GAMESERVER\PATH.OBJ
F:\WORK\MUSERVERSSOURCE\S13\SOURCE-FILES\GAMESERVER\GAMESERVER\RELEASE\GAMESERVER\PCPOINT.OBJ
F:\WORK\MUSERVERSSOURCE\S13\SOURCE-FILES\GAMESERVER\GAMESERVER\RELEASE\GAMESERVER\PENTAGRAMSYSTEM.OBJ
F:\WORK\MUSERVERSSOURCE\S13\SOURCE-FILES\GAMESERVER\GAMESERVER\RELEASE\GAMESERVER\PERSONALSHOP.OBJ
F:\WORK\MUSERVERSSOURCE\S13\SOURCE-FILES\GAMESERVER\GAMESERVER\RELEASE\GAMESERVER\PROTECT.OBJ
F:\WORK\MUSERVERSSOURCE\S13\SOURCE-FILES\GAMESERVER\GAMESERVER\RELEASE\GAMESERVER\PROTOCOL.OBJ
F:\WORK\MUSERVERSSOURCE\S13\SOURCE-FILES\GAMESERVER\GAMESERVER\RELEASE\GAMESERVER\PUGIXML.OBJ
F:\WORK\MUSERVERSSOURCE\S13\SOURCE-FILES\GAMESERVER\GAMESERVER\RELEASE\GAMESERVER\QUEST.OBJ
F:\WORK\MUSERVERSSOURCE\S13\SOURCE-FILES\GAMESERVER\GAMESERVER\RELEASE\GAMESERVER\QUESTOBJECTIVE.OBJ
F:\WORK\MUSERVERSSOURCE\S13\SOURCE-FILES\GAMESERVER\GAMESERVER\RELEASE\GAMESERVER\QUESTREWARD.OBJ
F:\WORK\MUSERVERSSOURCE\S13\SOURCE-FILES\GAMESERVER\GAMESERVER\RELEASE\GAMESERVER\QUESTWORLD.OBJ
F:\WORK\MUSERVERSSOURCE\S13\SOURCE-FILES\GAMESERVER\GAMESERVER\RELEASE\GAMESERVER\QUESTWORLDOBJECTIVE.OBJ
F:\WORK\MUSERVERSSOURCE\S13\SOURCE-FILES\GAMESERVER\GAMESERVER\RELEASE\GAMESERVER\QUESTWORLDREWARD.OBJ
F:\WORK\MUSERVERSSOURCE\S13\SOURCE-FILES\GAMESERVER\GAMESERVER\RELEASE\GAMESERVER\QUEUE.OBJ
F:\WORK\MUSERVERSSOURCE\S13\SOURCE-FILES\GAMESERVER\GAMESERVER\RELEASE\GAMESERVER\QUEUETIMER.OBJ
F:\WORK\MUSERVERSSOURCE\S13\SOURCE-FILES\GAMESERVER\GAMESERVER\RELEASE\GAMESERVER\RAKLION.OBJ
F:\WORK\MUSERVERSSOURCE\S13\SOURCE-FILES\GAMESERVER\GAMESERVER\RELEASE\GAMESERVER\RAKLIONBATTLEOFSELUPAN.OBJ
F:\WORK\MUSERVERSSOURCE\S13\SOURCE-FILES\GAMESERVER\GAMESERVER\RELEASE\GAMESERVER\RAKLIONBATTLEUSER.OBJ
F:\WORK\MUSERVERSSOURCE\S13\SOURCE-FILES\GAMESERVER\GAMESERVER\RELEASE\GAMESERVER\RAKLIONBATTLEUSERMNG.OBJ
F:\WORK\MUSERVERSSOURCE\S13\SOURCE-FILES\GAMESERVER\GAMESERVER\RELEASE\GAMESERVER\RAKLIONOBJINFO.OBJ
F:\WORK\MUSERVERSSOURCE\S13\SOURCE-FILES\GAMESERVER\GAMESERVER\RELEASE\GAMESERVER\RAKLIONSELUPAN.OBJ
F:\WORK\MUSERVERSSOURCE\S13\SOURCE-FILES\GAMESERVER\GAMESERVER\RELEASE\GAMESERVER\RAKLIONUTIL.OBJ
F:\WORK\MUSERVERSSOURCE\S13\SOURCE-FILES\GAMESERVER\GAMESERVER\RELEASE\GAMESERVER\RANDOMMANAGER.OBJ
F:\Work\MuServersSource\s13\source-files\GameServer\GameServer\Release\GameServer\rc.command.1.tlog
F:\Work\MuServersSource\s13\source-files\GameServer\GameServer\Release\GameServer\rc.read.1.tlog
F:\Work\MuServersSource\s13\source-files\GameServer\GameServer\Release\GameServer\rc.write.1.tlog
F:\WORK\MUSERVERSSOURCE\S13\SOURCE-FILES\GAMESERVER\GAMESERVER\RELEASE\GAMESERVER\RECONNECT.OBJ
F:\WORK\MUSERVERSSOURCE\S13\SOURCE-FILES\GAMESERVER\GAMESERVER\RELEASE\GAMESERVER\RESETTABLE.OBJ
F:\WORK\MUSERVERSSOURCE\S13\SOURCE-FILES\GAMESERVER\GAMESERVER\RELEASE\GAMESERVER\RESTORESOLDITEM.OBJ
F:\WORK\MUSERVERSSOURCE\S13\SOURCE-FILES\GAMESERVER\GAMESERVER\RELEASE\GAMESERVER\RHEAGOLD.OBJ
F:\WORK\MUSERVERSSOURCE\S13\SOURCE-FILES\GAMESERVER\GAMESERVER\RELEASE\GAMESERVER\RUUDTOKENREWARDPROBABILITY.OBJ
F:\WORK\MUSERVERSSOURCE\S13\SOURCE-FILES\GAMESERVER\GAMESERVER\RELEASE\GAMESERVER\SCHEDULEMANAGER.OBJ
F:\WORK\MUSERVERSSOURCE\S13\SOURCE-FILES\GAMESERVER\GAMESERVER\RELEASE\GAMESERVER\SERIALCHECK.OBJ
F:\WORK\MUSERVERSSOURCE\S13\SOURCE-FILES\GAMESERVER\GAMESERVER\RELEASE\GAMESERVER\SERVERDISPLAYER.OBJ
F:\WORK\MUSERVERSSOURCE\S13\SOURCE-FILES\GAMESERVER\GAMESERVER\RELEASE\GAMESERVER\SERVERINFO.OBJ
F:\WORK\MUSERVERSSOURCE\S13\SOURCE-FILES\GAMESERVER\GAMESERVER\RELEASE\GAMESERVER\SETITEMOPTION.OBJ
F:\WORK\MUSERVERSSOURCE\S13\SOURCE-FILES\GAMESERVER\GAMESERVER\RELEASE\GAMESERVER\SETITEMTYPE.OBJ
F:\WORK\MUSERVERSSOURCE\S13\SOURCE-FILES\GAMESERVER\GAMESERVER\RELEASE\GAMESERVER\SHOP.OBJ
F:\WORK\MUSERVERSSOURCE\S13\SOURCE-FILES\GAMESERVER\GAMESERVER\RELEASE\GAMESERVER\SHOPMANAGER.OBJ
F:\WORK\MUSERVERSSOURCE\S13\SOURCE-FILES\GAMESERVER\GAMESERVER\RELEASE\GAMESERVER\SILVESTER.OBJ
F:\WORK\MUSERVERSSOURCE\S13\SOURCE-FILES\GAMESERVER\GAMESERVER\RELEASE\GAMESERVER\SKILL.OBJ
F:\WORK\MUSERVERSSOURCE\S13\SOURCE-FILES\GAMESERVER\GAMESERVER\RELEASE\GAMESERVER\SKILLHITBOX.OBJ
F:\WORK\MUSERVERSSOURCE\S13\SOURCE-FILES\GAMESERVER\GAMESERVER\RELEASE\GAMESERVER\SKILLMANAGER.OBJ
F:\WORK\MUSERVERSSOURCE\S13\SOURCE-FILES\GAMESERVER\GAMESERVER\RELEASE\GAMESERVER\SOCKETCHAOS.OBJ
F:\WORK\MUSERVERSSOURCE\S13\SOURCE-FILES\GAMESERVER\GAMESERVER\RELEASE\GAMESERVER\SOCKETITEMOPTION.OBJ
F:\WORK\MUSERVERSSOURCE\S13\SOURCE-FILES\GAMESERVER\GAMESERVER\RELEASE\GAMESERVER\SOCKETITEMTYPE.OBJ
F:\WORK\MUSERVERSSOURCE\S13\SOURCE-FILES\GAMESERVER\GAMESERVER\RELEASE\GAMESERVER\SOCKETMANAGER.OBJ
F:\WORK\MUSERVERSSOURCE\S13\SOURCE-FILES\GAMESERVER\GAMESERVER\RELEASE\GAMESERVER\SOCKETMANAGERUDP.OBJ
F:\WORK\MUSERVERSSOURCE\S13\SOURCE-FILES\GAMESERVER\GAMESERVER\RELEASE\GAMESERVER\SPEEDFILA.OBJ
F:\WORK\MUSERVERSSOURCE\S13\SOURCE-FILES\GAMESERVER\GAMESERVER\RELEASE\GAMESERVER\STATSPECIALIZE.OBJ
F:\WORK\MUSERVERSSOURCE\S13\SOURCE-FILES\GAMESERVER\GAMESERVER\RELEASE\GAMESERVER\STDAFX.OBJ
F:\WORK\MUSERVERSSOURCE\S13\SOURCE-FILES\GAMESERVER\GAMESERVER\RELEASE\GAMESERVER\SUMMONSCROLL.OBJ
F:\WORK\MUSERVERSSOURCE\S13\SOURCE-FILES\GAMESERVER\GAMESERVER\RELEASE\GAMESERVER\SXIDECRYP.OBJ
F:\WORK\MUSERVERSSOURCE\S13\SOURCE-FILES\GAMESERVER\GAMESERVER\RELEASE\GAMESERVER\TRADE.OBJ
F:\WORK\MUSERVERSSOURCE\S13\SOURCE-FILES\GAMESERVER\GAMESERVER\RELEASE\GAMESERVER\UNION.OBJ
F:\WORK\MUSERVERSSOURCE\S13\SOURCE-FILES\GAMESERVER\GAMESERVER\RELEASE\GAMESERVER\UNIONINFO.OBJ
F:\WORK\MUSERVERSSOURCE\S13\SOURCE-FILES\GAMESERVER\GAMESERVER\RELEASE\GAMESERVER\UNITYBATTLEFIELD.OBJ
F:\WORK\MUSERVERSSOURCE\S13\SOURCE-FILES\GAMESERVER\GAMESERVER\RELEASE\GAMESERVER\USER.OBJ
F:\WORK\MUSERVERSSOURCE\S13\SOURCE-FILES\GAMESERVER\GAMESERVER\RELEASE\GAMESERVER\UTIL.OBJ
F:\WORK\MUSERVERSSOURCE\S13\SOURCE-FILES\GAMESERVER\GAMESERVER\RELEASE\GAMESERVER\VC100.PDB
F:\WORK\MUSERVERSSOURCE\S13\SOURCE-FILES\GAMESERVER\GAMESERVER\RELEASE\GAMESERVER\VIEWPORT.OBJ
F:\WORK\MUSERVERSSOURCE\S13\SOURCE-FILES\GAMESERVER\GAMESERVER\RELEASE\GAMESERVER\WAREHOUSE.OBJ
F:\WORK\MUSERVERSSOURCE\S13\SOURCE-FILES\GAMESERVER\GAMESERVER\RELEASE\GAMESERVER\WINGS4THOPTION.OBJ
F:\WORK\MUSERVERSSOURCE\S13\SOURCE-FILES\RELEASE\GAMESERVER\GAMESERVER.EXE
F:\Work\MuServersSource\s13\source-files\Release\GameServer\GameServer.exp
F:\Work\MuServersSource\s13\source-files\Release\GameServer\GameServer.lib
F:\WORK\MUSERVERSSOURCE\S13\SOURCE-FILES\RELEASE\GAMESERVER\GAMESERVER.MAP
F:\WORK\MUSERVERSSOURCE\S13\SOURCE-FILES\RELEASE\GAMESERVER\GAMESERVER.PDB
