  stdafx.cpp
  pugixml.cpp
  CCRC32.Cpp
  Math.cpp
  380ItemOption.cpp
  380ItemType.cpp
  ArcaBattle.cpp
  Attack.cpp
  BattleGround.cpp
  BattleSoccer.cpp
  BattleSoccerManager.cpp
  BloodCastle.cpp
  BonusManager.cpp
  CAcheronGuardianEvent.cpp
  CalFormula.cpp
  CannonTower.cpp
  CashShop.cpp
  CastleDeep.cpp
  CastleSiege.cpp
  CastleSiegeCrown.cpp
  CastleSiegeCrownSwitch.cpp
  Compiling...
  CastleSiegeSync.cpp
  CastleSiegeWeapon.cpp
  CBlockChatUserSystem.cpp
  CBombHuntInfo.cpp
  CBombHuntMng.cpp
  ChaosBox.cpp
  ChaosCastle.cpp
  ChatSystem.cpp
  CheatGuard.cpp
  CNixiesLakeBoss.cpp
  CNixiesLakeBossZone.cpp
  ComboSkill.cpp
  ComboSkillPath.cpp
  CommandManager.cpp
  Configs.cpp
  Connection.cpp
  CriticalSection.cpp
  Crywolf.cpp
  CrywolfAltar.cpp
  CrywolfObjInfo.cpp
  Compiling...
  CrywolfStateTimeInfo.cpp
  CrywolfStatue.cpp
  CrywolfSync.cpp
  CrywolfUtil.cpp
  CSProtocol.cpp
  CustomArena.cpp
  CustomAttack.cpp
  CustomEventDrop.cpp
  CustomJewel.cpp
  CustomMonster.cpp
  CustomPVPtime.cpp
  CustomStore.cpp
  CustomWing.cpp
  DarkSpirit.cpp
  DefaultClassInfo.cpp
  DevilSquare.cpp
  DoubleGoer.cpp
  DropSystem.cpp
  DSProtocol.cpp
  Duel.cpp
  Compiling...
  Effect.cpp
  EffectManager.cpp
  ESProtocol.cpp
  EventInventory.cpp
  ExperienceTable.cpp
  FilaHit.cpp
  Filter.cpp
  ForThTree.cpp
  Fruit.cpp
  GameMain.cpp
  GameMaster.cpp
  GameServer.cpp
  Gate.cpp
  GensSystem.cpp
  GMSystem.cpp
  GodOfDarkness.cpp
  GremoryCase.cpp
  GuardianStatue.cpp
  Guild.cpp
  GuildClass.cpp
  Compiling...
  GuildMatching.cpp
  HackCheck.cpp
  HackPacketCheck.cpp
  Helper.cpp
  HuntingGrounds.cpp
  IllusionTemple.cpp
  ImperialGuardian.cpp
  InvasionManager.cpp
  InventoryEquipment.cpp
  IpManager.cpp
  Item.cpp
  ItemBag.cpp
  ItemBagEx.cpp
  ItemBagManager.cpp
  ItemDrop.cpp
  ItemManager.cpp
  ItemMove.cpp
  ItemOption.cpp
  ItemOptionRate.cpp
  ItemStack.cpp
  Compiling...
  ItemValue.cpp
  JewelMix.cpp
  JewelOfHarmonyOption.cpp
  JewelOfHarmonyType.cpp
  JSProtocol.cpp
  Kalima.cpp
  Kanturu.cpp
  KanturuBattleOfMaya.cpp
  KanturuBattleOfNightmare.cpp
  KanturuBattleStanby.cpp
  KanturuBattleUserMng.cpp
  KanturuEntranceNPC.cpp
  KanturuMaya.cpp
  KanturuMonsterMng.cpp
  KanturuObjInfo.cpp
  KanturuStateInfo.cpp
  KanturuTowerOfRefinement.cpp
  KanturuUtil.cpp
  LicenceCheck.cpp
  LifeStone.cpp
  Compiling...
  Log.cpp
  Logger.cpp
  LuckyCoin.cpp
  LuckyItem.cpp
  Map.cpp
  MapItem.cpp
  MapManager.cpp
  MapPath.cpp
  MapServerManager.cpp
  MasterSkillTree.cpp
  MasterSkillTree_4th.cpp
  MasteryItemExtOptionSet.cpp
  MemoryAllocator.cpp
  MemoryAllocatorInfo.cpp
  MemScript.cpp
  Mercenary.cpp
  Message.cpp
  MiniDump.cpp
  MiniMap.cpp
  MiningSystem.cpp
  Compiling...
  mmItemSlot.cpp
  Monster.cpp
  MonsterAI.cpp
  MonsterAIAgro.cpp
  MonsterAIAutomata.cpp
  MonsterAIAutomataInfo.cpp
  MonsterAIElement.cpp
  MonsterAIElementInfo.cpp
  MonsterAIGroup.cpp
  MonsterAIGroupMember.cpp
  MonsterAIMovePath.cpp
  MonsterAIMovePathInfo.cpp
  MonsterAIRule.cpp
  MonsterAIRuleInfo.cpp
  MonsterAIState.cpp
  MonsterAIUnit.cpp
  MonsterAIUnitInfo.cpp
  MonsterAIUtil.cpp
  MonsterManager.cpp
  MonsterSetBase.cpp
  Compiling...
  MonsterSkillElement.cpp
  MonsterSkillElementInfo.cpp
  MonsterSkillElementOption.cpp
  MonsterSkillInfo.cpp
  MonsterSkillManager.cpp
  MonsterSkillUnit.cpp
  MonsterSkillUnitInfo.cpp
  MonsterSpawner.cpp
  MonsterStats.cpp
  MossMerchant.cpp
  Move.cpp
  MoveSummon.cpp
  MUFC.cpp
  MuRummy.cpp
  MuunSystem.cpp
  MysteriousStone.cpp
  NewQuestWorld.cpp
  NewsSystem.cpp
  Notice.cpp
  NpcTalk.cpp
  Compiling...
  ObjectManager.cpp
  Oficina.cpp
  PacketManager.cpp
  Party.cpp
  PartyMatching.cpp
  Path.cpp
  PcPoint.cpp
  PentagramSystem.cpp
  PersonalShop.cpp
  Protect.cpp
  Protocol.cpp
  Quest.cpp
  QuestObjective.cpp
  QuestReward.cpp
  QuestWorld.cpp
  QuestWorldObjective.cpp
  QuestWorldReward.cpp
  Queue.cpp
  QueueTimer.cpp
  Raklion.cpp
  Compiling...
  RaklionBattleOfSelupan.cpp
  RaklionBattleUser.cpp
  RaklionBattleUserMng.cpp
  RaklionObjInfo.cpp
  RaklionSelupan.cpp
  RaklionUtil.cpp
  RandomManager.cpp
  Reconnect.cpp
  ResetTable.cpp
  RestoreSoldItem.cpp
  RheaGold.cpp
  RuudTokenRewardProbability.cpp
  ScheduleManager.cpp
  SerialCheck.cpp
  ServerDisplayer.cpp
  ServerInfo.cpp
  SetItemOption.cpp
  SetItemType.cpp
  Shop.cpp
  ShopManager.cpp
  Compiling...
  Silvester.cpp
  Skill.cpp
  SkillHitBox.cpp
  SkillManager.cpp
  SocketChaos.cpp
  SocketItemOption.cpp
  SocketItemType.cpp
  SocketManager.cpp
  SocketManagerUdp.cpp
  SpeedFila.cpp
  StatSpecialize.cpp
  SummonScroll.cpp
  SXIDecryp.cpp
  Trade.cpp
  Union.cpp
  UnionInfo.cpp
  UnityBattleField.cpp
  User.cpp
  Util.cpp
  Addons.cpp
  Compiling...
  Viewport.cpp
  Warehouse.cpp
  Wings4thOption.cpp
     Creating library F:\Work\MuServersSource\s13\source-files\Release\GameServer\GameServer.lib and object F:\Work\MuServersSource\s13\source-files\Release\GameServer\GameServer.exp
  Generating code
  Finished generating code
  GameServer.vcxproj -> F:\Work\MuServersSource\s13\source-files\Release\GameServer\GameServer.exe
