F:\WORK\MUSERVERSSOURCE\S13\SOURCE-FILES\CLIENT\MAIN\RELEASE\MAIN\CASTLESIEGE.OBJ
F:\WORK\MUSERVERSSOURCE\S13\SOURCE-FILES\CLIENT\MAIN\RELEASE\MAIN\CCRC32.OBJ
F:\Work\MuServersSource\s13\source-files\Client\Main\Release\Main\cl.command.1.tlog
F:\Work\MuServersSource\s13\source-files\Client\Main\Release\Main\CL.read.1.tlog
F:\Work\MuServersSource\s13\source-files\Client\Main\Release\Main\CL.write.1.tlog
F:\WORK\MUSERVERSSOURCE\S13\SOURCE-FILES\CLIENT\MAIN\RELEASE\MAIN\CONSOLE.OBJ
F:\WORK\MUSERVERSSOURCE\S13\SOURCE-FILES\CLIENT\MAIN\RELEASE\MAIN\CUSTOMFUNCTIONS.OBJ
F:\WORK\MUSERVERSSOURCE\S13\SOURCE-FILES\CLIENT\MAIN\RELEASE\MAIN\EMOJISYSTEM.OBJ
F:\WORK\MUSERVERSSOURCE\S13\SOURCE-FILES\CLIENT\MAIN\RELEASE\MAIN\EVENTSCHEDULE.OBJ
F:\WORK\MUSERVERSSOURCE\S13\SOURCE-FILES\CLIENT\MAIN\RELEASE\MAIN\HACKCHECK.OBJ
F:\WORK\MUSERVERSSOURCE\S13\SOURCE-FILES\CLIENT\MAIN\RELEASE\MAIN\INTERFACE.OBJ
F:\Work\MuServersSource\s13\source-files\Client\Main\Release\Main\link.command.1.tlog
F:\Work\MuServersSource\s13\source-files\Client\Main\Release\Main\link.read.1.tlog
F:\Work\MuServersSource\s13\source-files\Client\Main\Release\Main\link.write.1.tlog
F:\Work\MuServersSource\s13\source-files\Client\Main\Release\Main\link-cvtres.read.1.tlog
F:\Work\MuServersSource\s13\source-files\Client\Main\Release\Main\link-cvtres.write.1.tlog
F:\WORK\MUSERVERSSOURCE\S13\SOURCE-FILES\CLIENT\MAIN\RELEASE\MAIN\MAIN.DLL.INTERMEDIATE.MANIFEST
F:\WORK\MUSERVERSSOURCE\S13\SOURCE-FILES\CLIENT\MAIN\RELEASE\MAIN\MAIN.OBJ
F:\WORK\MUSERVERSSOURCE\S13\SOURCE-FILES\CLIENT\MAIN\RELEASE\MAIN\MAIN.PCH
F:\WORK\MUSERVERSSOURCE\S13\SOURCE-FILES\CLIENT\MAIN\RELEASE\MAIN\MAIN.RES
F:\Work\MuServersSource\s13\source-files\Client\Main\Release\Main\Main.write.1.tlog
F:\Work\MuServersSource\s13\source-files\Client\Main\Release\Main\mt.command.1.tlog
F:\Work\MuServersSource\s13\source-files\Client\Main\Release\Main\mt.read.1.tlog
F:\Work\MuServersSource\s13\source-files\Client\Main\Release\Main\mt.write.1.tlog
F:\WORK\MUSERVERSSOURCE\S13\SOURCE-FILES\CLIENT\MAIN\RELEASE\MAIN\OFICINA.OBJ
F:\WORK\MUSERVERSSOURCE\S13\SOURCE-FILES\CLIENT\MAIN\RELEASE\MAIN\PACKETMANAGER.OBJ
F:\WORK\MUSERVERSSOURCE\S13\SOURCE-FILES\CLIENT\MAIN\RELEASE\MAIN\PRINTPLAYER.OBJ
F:\WORK\MUSERVERSSOURCE\S13\SOURCE-FILES\CLIENT\MAIN\RELEASE\MAIN\PROTECT.OBJ
F:\WORK\MUSERVERSSOURCE\S13\SOURCE-FILES\CLIENT\MAIN\RELEASE\MAIN\PROTOCOL.OBJ
F:\Work\MuServersSource\s13\source-files\Client\Main\Release\Main\rc.command.1.tlog
F:\Work\MuServersSource\s13\source-files\Client\Main\Release\Main\rc.read.1.tlog
F:\Work\MuServersSource\s13\source-files\Client\Main\Release\Main\rc.write.1.tlog
F:\WORK\MUSERVERSSOURCE\S13\SOURCE-FILES\CLIENT\MAIN\RELEASE\MAIN\RECONNECT.OBJ
F:\WORK\MUSERVERSSOURCE\S13\SOURCE-FILES\CLIENT\MAIN\RELEASE\MAIN\SCREENSHOOTER.OBJ
F:\WORK\MUSERVERSSOURCE\S13\SOURCE-FILES\CLIENT\MAIN\RELEASE\MAIN\SCREENSHOT.OBJ
F:\WORK\MUSERVERSSOURCE\S13\SOURCE-FILES\CLIENT\MAIN\RELEASE\MAIN\SHA1.OBJ
F:\WORK\MUSERVERSSOURCE\S13\SOURCE-FILES\CLIENT\MAIN\RELEASE\MAIN\STDAFX.OBJ
F:\WORK\MUSERVERSSOURCE\S13\SOURCE-FILES\CLIENT\MAIN\RELEASE\MAIN\TRAYMODE.OBJ
F:\WORK\MUSERVERSSOURCE\S13\SOURCE-FILES\CLIENT\MAIN\RELEASE\MAIN\UPLOADER.OBJ
F:\WORK\MUSERVERSSOURCE\S13\SOURCE-FILES\CLIENT\MAIN\RELEASE\MAIN\UTIL.OBJ
F:\WORK\MUSERVERSSOURCE\S13\SOURCE-FILES\CLIENT\MAIN\RELEASE\MAIN\VC100.PDB
F:\WORK\MUSERVERSSOURCE\S13\SOURCE-FILES\RELEASE\MAIN\MAIN.DLL
F:\Work\MuServersSource\s13\source-files\Release\Main\main.exp
F:\Work\MuServersSource\s13\source-files\Release\Main\main.lib
