F:\WORK\MUSERVERSSOURCE\S13\SOURCE-FILES\GAMESERVER\GAMESERVER\RELEASE\GAMESERVERCS\380ITEMOPTION.OBJ
F:\WORK\MUSERVERSSOURCE\S13\SOURCE-FILES\GAMESERVER\GAMESERVER\RELEASE\GAMESERVERCS\380ITEMTYPE.OBJ
F:\WORK\MUSERVERSSOURCE\S13\SOURCE-FILES\GAMESERVER\GAMESERVER\RELEASE\GAMESERVERCS\ADDONS.OBJ
F:\WORK\MUSERVERSSOURCE\S13\SOURCE-FILES\GAMESERVER\GAMESERVER\RELEASE\GAMESERVERCS\ARCABATTLE.OBJ
F:\WORK\MUSERVERSSOURCE\S13\SOURCE-FILES\GAMESERVER\GAMESERVER\RELEASE\GAMESERVERCS\ATTACK.OBJ
F:\WORK\MUSERVERSSOURCE\S13\SOURCE-FILES\GAMESERVER\GAMESERVER\RELEASE\GAMESERVERCS\BATTLEGROUND.OBJ
F:\WORK\MUSERVERSSOURCE\S13\SOURCE-FILES\GAMESERVER\GAMESERVER\RELEASE\GAMESERVERCS\BATTLESOCCER.OBJ
F:\WORK\MUSERVERSSOURCE\S13\SOURCE-FILES\GAMESERVER\GAMESERVER\RELEASE\GAMESERVERCS\BATTLESOCCERMANAGER.OBJ
F:\WORK\MUSERVERSSOURCE\S13\SOURCE-FILES\GAMESERVER\GAMESERVER\RELEASE\GAMESERVERCS\BLOODCASTLE.OBJ
F:\WORK\MUSERVERSSOURCE\S13\SOURCE-FILES\GAMESERVER\GAMESERVER\RELEASE\GAMESERVERCS\BONUSMANAGER.OBJ
F:\WORK\MUSERVERSSOURCE\S13\SOURCE-FILES\GAMESERVER\GAMESERVER\RELEASE\GAMESERVERCS\CACHERONGUARDIANEVENT.OBJ
F:\WORK\MUSERVERSSOURCE\S13\SOURCE-FILES\GAMESERVER\GAMESERVER\RELEASE\GAMESERVERCS\CALFORMULA.OBJ
F:\WORK\MUSERVERSSOURCE\S13\SOURCE-FILES\GAMESERVER\GAMESERVER\RELEASE\GAMESERVERCS\CANNONTOWER.OBJ
F:\WORK\MUSERVERSSOURCE\S13\SOURCE-FILES\GAMESERVER\GAMESERVER\RELEASE\GAMESERVERCS\CASHSHOP.OBJ
F:\WORK\MUSERVERSSOURCE\S13\SOURCE-FILES\GAMESERVER\GAMESERVER\RELEASE\GAMESERVERCS\CASTLEDEEP.OBJ
F:\WORK\MUSERVERSSOURCE\S13\SOURCE-FILES\GAMESERVER\GAMESERVER\RELEASE\GAMESERVERCS\CASTLESIEGE.OBJ
F:\WORK\MUSERVERSSOURCE\S13\SOURCE-FILES\GAMESERVER\GAMESERVER\RELEASE\GAMESERVERCS\CASTLESIEGECROWN.OBJ
F:\WORK\MUSERVERSSOURCE\S13\SOURCE-FILES\GAMESERVER\GAMESERVER\RELEASE\GAMESERVERCS\CASTLESIEGECROWNSWITCH.OBJ
F:\WORK\MUSERVERSSOURCE\S13\SOURCE-FILES\GAMESERVER\GAMESERVER\RELEASE\GAMESERVERCS\CASTLESIEGESYNC.OBJ
F:\WORK\MUSERVERSSOURCE\S13\SOURCE-FILES\GAMESERVER\GAMESERVER\RELEASE\GAMESERVERCS\CASTLESIEGEWEAPON.OBJ
F:\WORK\MUSERVERSSOURCE\S13\SOURCE-FILES\GAMESERVER\GAMESERVER\RELEASE\GAMESERVERCS\CBLOCKCHATUSERSYSTEM.OBJ
F:\WORK\MUSERVERSSOURCE\S13\SOURCE-FILES\GAMESERVER\GAMESERVER\RELEASE\GAMESERVERCS\CBOMBHUNTINFO.OBJ
F:\WORK\MUSERVERSSOURCE\S13\SOURCE-FILES\GAMESERVER\GAMESERVER\RELEASE\GAMESERVERCS\CBOMBHUNTMNG.OBJ
F:\WORK\MUSERVERSSOURCE\S13\SOURCE-FILES\GAMESERVER\GAMESERVER\RELEASE\GAMESERVERCS\CCRC32.OBJ
F:\WORK\MUSERVERSSOURCE\S13\SOURCE-FILES\GAMESERVER\GAMESERVER\RELEASE\GAMESERVERCS\CHAOSBOX.OBJ
F:\WORK\MUSERVERSSOURCE\S13\SOURCE-FILES\GAMESERVER\GAMESERVER\RELEASE\GAMESERVERCS\CHAOSCASTLE.OBJ
F:\WORK\MUSERVERSSOURCE\S13\SOURCE-FILES\GAMESERVER\GAMESERVER\RELEASE\GAMESERVERCS\CHATSYSTEM.OBJ
F:\WORK\MUSERVERSSOURCE\S13\SOURCE-FILES\GAMESERVER\GAMESERVER\RELEASE\GAMESERVERCS\CHEATGUARD.OBJ
F:\Work\MuServersSource\s13\source-files\GameServer\GameServer\Release\GameServerCS\cl.command.1.tlog
F:\Work\MuServersSource\s13\source-files\GameServer\GameServer\Release\GameServerCS\CL.read.1.tlog
F:\Work\MuServersSource\s13\source-files\GameServer\GameServer\Release\GameServerCS\CL.write.1.tlog
F:\WORK\MUSERVERSSOURCE\S13\SOURCE-FILES\GAMESERVER\GAMESERVER\RELEASE\GAMESERVERCS\CNIXIESLAKEBOSS.OBJ
F:\WORK\MUSERVERSSOURCE\S13\SOURCE-FILES\GAMESERVER\GAMESERVER\RELEASE\GAMESERVERCS\CNIXIESLAKEBOSSZONE.OBJ
F:\WORK\MUSERVERSSOURCE\S13\SOURCE-FILES\GAMESERVER\GAMESERVER\RELEASE\GAMESERVERCS\COMBOSKILL.OBJ
F:\WORK\MUSERVERSSOURCE\S13\SOURCE-FILES\GAMESERVER\GAMESERVER\RELEASE\GAMESERVERCS\COMBOSKILLPATH.OBJ
F:\WORK\MUSERVERSSOURCE\S13\SOURCE-FILES\GAMESERVER\GAMESERVER\RELEASE\GAMESERVERCS\COMMANDMANAGER.OBJ
F:\WORK\MUSERVERSSOURCE\S13\SOURCE-FILES\GAMESERVER\GAMESERVER\RELEASE\GAMESERVERCS\CONFIGS.OBJ
F:\WORK\MUSERVERSSOURCE\S13\SOURCE-FILES\GAMESERVER\GAMESERVER\RELEASE\GAMESERVERCS\CONNECTION.OBJ
F:\WORK\MUSERVERSSOURCE\S13\SOURCE-FILES\GAMESERVER\GAMESERVER\RELEASE\GAMESERVERCS\CRITICALSECTION.OBJ
F:\WORK\MUSERVERSSOURCE\S13\SOURCE-FILES\GAMESERVER\GAMESERVER\RELEASE\GAMESERVERCS\CRYWOLF.OBJ
F:\WORK\MUSERVERSSOURCE\S13\SOURCE-FILES\GAMESERVER\GAMESERVER\RELEASE\GAMESERVERCS\CRYWOLFALTAR.OBJ
F:\WORK\MUSERVERSSOURCE\S13\SOURCE-FILES\GAMESERVER\GAMESERVER\RELEASE\GAMESERVERCS\CRYWOLFOBJINFO.OBJ
F:\WORK\MUSERVERSSOURCE\S13\SOURCE-FILES\GAMESERVER\GAMESERVER\RELEASE\GAMESERVERCS\CRYWOLFSTATETIMEINFO.OBJ
F:\WORK\MUSERVERSSOURCE\S13\SOURCE-FILES\GAMESERVER\GAMESERVER\RELEASE\GAMESERVERCS\CRYWOLFSTATUE.OBJ
F:\WORK\MUSERVERSSOURCE\S13\SOURCE-FILES\GAMESERVER\GAMESERVER\RELEASE\GAMESERVERCS\CRYWOLFSYNC.OBJ
F:\WORK\MUSERVERSSOURCE\S13\SOURCE-FILES\GAMESERVER\GAMESERVER\RELEASE\GAMESERVERCS\CRYWOLFUTIL.OBJ
F:\WORK\MUSERVERSSOURCE\S13\SOURCE-FILES\GAMESERVER\GAMESERVER\RELEASE\GAMESERVERCS\CSPROTOCOL.OBJ
F:\WORK\MUSERVERSSOURCE\S13\SOURCE-FILES\GAMESERVER\GAMESERVER\RELEASE\GAMESERVERCS\CUSTOMARENA.OBJ
F:\WORK\MUSERVERSSOURCE\S13\SOURCE-FILES\GAMESERVER\GAMESERVER\RELEASE\GAMESERVERCS\CUSTOMATTACK.OBJ
F:\WORK\MUSERVERSSOURCE\S13\SOURCE-FILES\GAMESERVER\GAMESERVER\RELEASE\GAMESERVERCS\CUSTOMEVENTDROP.OBJ
F:\WORK\MUSERVERSSOURCE\S13\SOURCE-FILES\GAMESERVER\GAMESERVER\RELEASE\GAMESERVERCS\CUSTOMJEWEL.OBJ
F:\WORK\MUSERVERSSOURCE\S13\SOURCE-FILES\GAMESERVER\GAMESERVER\RELEASE\GAMESERVERCS\CUSTOMMONSTER.OBJ
F:\WORK\MUSERVERSSOURCE\S13\SOURCE-FILES\GAMESERVER\GAMESERVER\RELEASE\GAMESERVERCS\CUSTOMPVPTIME.OBJ
F:\WORK\MUSERVERSSOURCE\S13\SOURCE-FILES\GAMESERVER\GAMESERVER\RELEASE\GAMESERVERCS\CUSTOMSTORE.OBJ
F:\WORK\MUSERVERSSOURCE\S13\SOURCE-FILES\GAMESERVER\GAMESERVER\RELEASE\GAMESERVERCS\CUSTOMWING.OBJ
F:\WORK\MUSERVERSSOURCE\S13\SOURCE-FILES\GAMESERVER\GAMESERVER\RELEASE\GAMESERVERCS\DARKSPIRIT.OBJ
F:\WORK\MUSERVERSSOURCE\S13\SOURCE-FILES\GAMESERVER\GAMESERVER\RELEASE\GAMESERVERCS\DEFAULTCLASSINFO.OBJ
F:\WORK\MUSERVERSSOURCE\S13\SOURCE-FILES\GAMESERVER\GAMESERVER\RELEASE\GAMESERVERCS\DEVILSQUARE.OBJ
F:\WORK\MUSERVERSSOURCE\S13\SOURCE-FILES\GAMESERVER\GAMESERVER\RELEASE\GAMESERVERCS\DOUBLEGOER.OBJ
F:\WORK\MUSERVERSSOURCE\S13\SOURCE-FILES\GAMESERVER\GAMESERVER\RELEASE\GAMESERVERCS\DROPSYSTEM.OBJ
F:\WORK\MUSERVERSSOURCE\S13\SOURCE-FILES\GAMESERVER\GAMESERVER\RELEASE\GAMESERVERCS\DSPROTOCOL.OBJ
F:\WORK\MUSERVERSSOURCE\S13\SOURCE-FILES\GAMESERVER\GAMESERVER\RELEASE\GAMESERVERCS\DUEL.OBJ
F:\WORK\MUSERVERSSOURCE\S13\SOURCE-FILES\GAMESERVER\GAMESERVER\RELEASE\GAMESERVERCS\EFFECT.OBJ
F:\WORK\MUSERVERSSOURCE\S13\SOURCE-FILES\GAMESERVER\GAMESERVER\RELEASE\GAMESERVERCS\EFFECTMANAGER.OBJ
F:\WORK\MUSERVERSSOURCE\S13\SOURCE-FILES\GAMESERVER\GAMESERVER\RELEASE\GAMESERVERCS\ESPROTOCOL.OBJ
F:\WORK\MUSERVERSSOURCE\S13\SOURCE-FILES\GAMESERVER\GAMESERVER\RELEASE\GAMESERVERCS\EVENTINVENTORY.OBJ
F:\WORK\MUSERVERSSOURCE\S13\SOURCE-FILES\GAMESERVER\GAMESERVER\RELEASE\GAMESERVERCS\EXPERIENCETABLE.OBJ
F:\WORK\MUSERVERSSOURCE\S13\SOURCE-FILES\GAMESERVER\GAMESERVER\RELEASE\GAMESERVERCS\FILAHIT.OBJ
F:\WORK\MUSERVERSSOURCE\S13\SOURCE-FILES\GAMESERVER\GAMESERVER\RELEASE\GAMESERVERCS\FILTER.OBJ
F:\WORK\MUSERVERSSOURCE\S13\SOURCE-FILES\GAMESERVER\GAMESERVER\RELEASE\GAMESERVERCS\FORTHTREE.OBJ
F:\WORK\MUSERVERSSOURCE\S13\SOURCE-FILES\GAMESERVER\GAMESERVER\RELEASE\GAMESERVERCS\FRUIT.OBJ
F:\WORK\MUSERVERSSOURCE\S13\SOURCE-FILES\GAMESERVER\GAMESERVER\RELEASE\GAMESERVERCS\GAMEMAIN.OBJ
F:\WORK\MUSERVERSSOURCE\S13\SOURCE-FILES\GAMESERVER\GAMESERVER\RELEASE\GAMESERVERCS\GAMEMASTER.OBJ
F:\WORK\MUSERVERSSOURCE\S13\SOURCE-FILES\GAMESERVER\GAMESERVER\RELEASE\GAMESERVERCS\GAMESERVER.EXE.INTERMEDIATE.MANIFEST
F:\WORK\MUSERVERSSOURCE\S13\SOURCE-FILES\GAMESERVER\GAMESERVER\RELEASE\GAMESERVERCS\GAMESERVER.OBJ
F:\WORK\MUSERVERSSOURCE\S13\SOURCE-FILES\GAMESERVER\GAMESERVER\RELEASE\GAMESERVERCS\GAMESERVER.PCH
F:\WORK\MUSERVERSSOURCE\S13\SOURCE-FILES\GAMESERVER\GAMESERVER\RELEASE\GAMESERVERCS\GAMESERVER.RES
F:\Work\MuServersSource\s13\source-files\GameServer\GameServer\Release\GameServerCS\GameServer.write.1.tlog
F:\WORK\MUSERVERSSOURCE\S13\SOURCE-FILES\GAMESERVER\GAMESERVER\RELEASE\GAMESERVERCS\GATE.OBJ
F:\WORK\MUSERVERSSOURCE\S13\SOURCE-FILES\GAMESERVER\GAMESERVER\RELEASE\GAMESERVERCS\GENSSYSTEM.OBJ
F:\WORK\MUSERVERSSOURCE\S13\SOURCE-FILES\GAMESERVER\GAMESERVER\RELEASE\GAMESERVERCS\GMSYSTEM.OBJ
F:\WORK\MUSERVERSSOURCE\S13\SOURCE-FILES\GAMESERVER\GAMESERVER\RELEASE\GAMESERVERCS\GODOFDARKNESS.OBJ
F:\WORK\MUSERVERSSOURCE\S13\SOURCE-FILES\GAMESERVER\GAMESERVER\RELEASE\GAMESERVERCS\GREMORYCASE.OBJ
F:\WORK\MUSERVERSSOURCE\S13\SOURCE-FILES\GAMESERVER\GAMESERVER\RELEASE\GAMESERVERCS\GUARDIANSTATUE.OBJ
F:\WORK\MUSERVERSSOURCE\S13\SOURCE-FILES\GAMESERVER\GAMESERVER\RELEASE\GAMESERVERCS\GUILD.OBJ
F:\WORK\MUSERVERSSOURCE\S13\SOURCE-FILES\GAMESERVER\GAMESERVER\RELEASE\GAMESERVERCS\GUILDCLASS.OBJ
F:\WORK\MUSERVERSSOURCE\S13\SOURCE-FILES\GAMESERVER\GAMESERVER\RELEASE\GAMESERVERCS\GUILDMATCHING.OBJ
F:\WORK\MUSERVERSSOURCE\S13\SOURCE-FILES\GAMESERVER\GAMESERVER\RELEASE\GAMESERVERCS\HACKCHECK.OBJ
F:\WORK\MUSERVERSSOURCE\S13\SOURCE-FILES\GAMESERVER\GAMESERVER\RELEASE\GAMESERVERCS\HACKPACKETCHECK.OBJ
F:\WORK\MUSERVERSSOURCE\S13\SOURCE-FILES\GAMESERVER\GAMESERVER\RELEASE\GAMESERVERCS\HELPER.OBJ
F:\WORK\MUSERVERSSOURCE\S13\SOURCE-FILES\GAMESERVER\GAMESERVER\RELEASE\GAMESERVERCS\HUNTINGGROUNDS.OBJ
F:\WORK\MUSERVERSSOURCE\S13\SOURCE-FILES\GAMESERVER\GAMESERVER\RELEASE\GAMESERVERCS\ILLUSIONTEMPLE.OBJ
F:\WORK\MUSERVERSSOURCE\S13\SOURCE-FILES\GAMESERVER\GAMESERVER\RELEASE\GAMESERVERCS\IMPERIALGUARDIAN.OBJ
F:\WORK\MUSERVERSSOURCE\S13\SOURCE-FILES\GAMESERVER\GAMESERVER\RELEASE\GAMESERVERCS\INVASIONMANAGER.OBJ
F:\WORK\MUSERVERSSOURCE\S13\SOURCE-FILES\GAMESERVER\GAMESERVER\RELEASE\GAMESERVERCS\INVENTORYEQUIPMENT.OBJ
F:\WORK\MUSERVERSSOURCE\S13\SOURCE-FILES\GAMESERVER\GAMESERVER\RELEASE\GAMESERVERCS\IPMANAGER.OBJ
F:\WORK\MUSERVERSSOURCE\S13\SOURCE-FILES\GAMESERVER\GAMESERVER\RELEASE\GAMESERVERCS\ITEM.OBJ
F:\WORK\MUSERVERSSOURCE\S13\SOURCE-FILES\GAMESERVER\GAMESERVER\RELEASE\GAMESERVERCS\ITEMBAG.OBJ
F:\WORK\MUSERVERSSOURCE\S13\SOURCE-FILES\GAMESERVER\GAMESERVER\RELEASE\GAMESERVERCS\ITEMBAGEX.OBJ
F:\WORK\MUSERVERSSOURCE\S13\SOURCE-FILES\GAMESERVER\GAMESERVER\RELEASE\GAMESERVERCS\ITEMBAGMANAGER.OBJ
F:\WORK\MUSERVERSSOURCE\S13\SOURCE-FILES\GAMESERVER\GAMESERVER\RELEASE\GAMESERVERCS\ITEMDROP.OBJ
F:\WORK\MUSERVERSSOURCE\S13\SOURCE-FILES\GAMESERVER\GAMESERVER\RELEASE\GAMESERVERCS\ITEMMANAGER.OBJ
F:\WORK\MUSERVERSSOURCE\S13\SOURCE-FILES\GAMESERVER\GAMESERVER\RELEASE\GAMESERVERCS\ITEMMOVE.OBJ
F:\WORK\MUSERVERSSOURCE\S13\SOURCE-FILES\GAMESERVER\GAMESERVER\RELEASE\GAMESERVERCS\ITEMOPTION.OBJ
F:\WORK\MUSERVERSSOURCE\S13\SOURCE-FILES\GAMESERVER\GAMESERVER\RELEASE\GAMESERVERCS\ITEMOPTIONRATE.OBJ
F:\WORK\MUSERVERSSOURCE\S13\SOURCE-FILES\GAMESERVER\GAMESERVER\RELEASE\GAMESERVERCS\ITEMSTACK.OBJ
F:\WORK\MUSERVERSSOURCE\S13\SOURCE-FILES\GAMESERVER\GAMESERVER\RELEASE\GAMESERVERCS\ITEMVALUE.OBJ
F:\WORK\MUSERVERSSOURCE\S13\SOURCE-FILES\GAMESERVER\GAMESERVER\RELEASE\GAMESERVERCS\JEWELMIX.OBJ
F:\WORK\MUSERVERSSOURCE\S13\SOURCE-FILES\GAMESERVER\GAMESERVER\RELEASE\GAMESERVERCS\JEWELOFHARMONYOPTION.OBJ
F:\WORK\MUSERVERSSOURCE\S13\SOURCE-FILES\GAMESERVER\GAMESERVER\RELEASE\GAMESERVERCS\JEWELOFHARMONYTYPE.OBJ
F:\WORK\MUSERVERSSOURCE\S13\SOURCE-FILES\GAMESERVER\GAMESERVER\RELEASE\GAMESERVERCS\JSPROTOCOL.OBJ
F:\WORK\MUSERVERSSOURCE\S13\SOURCE-FILES\GAMESERVER\GAMESERVER\RELEASE\GAMESERVERCS\KALIMA.OBJ
F:\WORK\MUSERVERSSOURCE\S13\SOURCE-FILES\GAMESERVER\GAMESERVER\RELEASE\GAMESERVERCS\KANTURU.OBJ
F:\WORK\MUSERVERSSOURCE\S13\SOURCE-FILES\GAMESERVER\GAMESERVER\RELEASE\GAMESERVERCS\KANTURUBATTLEOFMAYA.OBJ
F:\WORK\MUSERVERSSOURCE\S13\SOURCE-FILES\GAMESERVER\GAMESERVER\RELEASE\GAMESERVERCS\KANTURUBATTLEOFNIGHTMARE.OBJ
F:\WORK\MUSERVERSSOURCE\S13\SOURCE-FILES\GAMESERVER\GAMESERVER\RELEASE\GAMESERVERCS\KANTURUBATTLESTANBY.OBJ
F:\WORK\MUSERVERSSOURCE\S13\SOURCE-FILES\GAMESERVER\GAMESERVER\RELEASE\GAMESERVERCS\KANTURUBATTLEUSERMNG.OBJ
F:\WORK\MUSERVERSSOURCE\S13\SOURCE-FILES\GAMESERVER\GAMESERVER\RELEASE\GAMESERVERCS\KANTURUENTRANCENPC.OBJ
F:\WORK\MUSERVERSSOURCE\S13\SOURCE-FILES\GAMESERVER\GAMESERVER\RELEASE\GAMESERVERCS\KANTURUMAYA.OBJ
F:\WORK\MUSERVERSSOURCE\S13\SOURCE-FILES\GAMESERVER\GAMESERVER\RELEASE\GAMESERVERCS\KANTURUMONSTERMNG.OBJ
F:\WORK\MUSERVERSSOURCE\S13\SOURCE-FILES\GAMESERVER\GAMESERVER\RELEASE\GAMESERVERCS\KANTURUOBJINFO.OBJ
F:\WORK\MUSERVERSSOURCE\S13\SOURCE-FILES\GAMESERVER\GAMESERVER\RELEASE\GAMESERVERCS\KANTURUSTATEINFO.OBJ
F:\WORK\MUSERVERSSOURCE\S13\SOURCE-FILES\GAMESERVER\GAMESERVER\RELEASE\GAMESERVERCS\KANTURUTOWEROFREFINEMENT.OBJ
F:\WORK\MUSERVERSSOURCE\S13\SOURCE-FILES\GAMESERVER\GAMESERVER\RELEASE\GAMESERVERCS\KANTURUUTIL.OBJ
F:\WORK\MUSERVERSSOURCE\S13\SOURCE-FILES\GAMESERVER\GAMESERVER\RELEASE\GAMESERVERCS\LICENCECHECK.OBJ
F:\WORK\MUSERVERSSOURCE\S13\SOURCE-FILES\GAMESERVER\GAMESERVER\RELEASE\GAMESERVERCS\LIFESTONE.OBJ
F:\Work\MuServersSource\s13\source-files\GameServer\GameServer\Release\GameServerCS\link.command.1.tlog
F:\Work\MuServersSource\s13\source-files\GameServer\GameServer\Release\GameServerCS\link.read.1.tlog
F:\Work\MuServersSource\s13\source-files\GameServer\GameServer\Release\GameServerCS\link.write.1.tlog
F:\Work\MuServersSource\s13\source-files\GameServer\GameServer\Release\GameServerCS\link-cvtres.read.1.tlog
F:\Work\MuServersSource\s13\source-files\GameServer\GameServer\Release\GameServerCS\link-cvtres.write.1.tlog
F:\WORK\MUSERVERSSOURCE\S13\SOURCE-FILES\GAMESERVER\GAMESERVER\RELEASE\GAMESERVERCS\LOG.OBJ
F:\WORK\MUSERVERSSOURCE\S13\SOURCE-FILES\GAMESERVER\GAMESERVER\RELEASE\GAMESERVERCS\LOGGER.OBJ
F:\WORK\MUSERVERSSOURCE\S13\SOURCE-FILES\GAMESERVER\GAMESERVER\RELEASE\GAMESERVERCS\LUCKYCOIN.OBJ
F:\WORK\MUSERVERSSOURCE\S13\SOURCE-FILES\GAMESERVER\GAMESERVER\RELEASE\GAMESERVERCS\LUCKYITEM.OBJ
F:\WORK\MUSERVERSSOURCE\S13\SOURCE-FILES\GAMESERVER\GAMESERVER\RELEASE\GAMESERVERCS\MAP.OBJ
F:\WORK\MUSERVERSSOURCE\S13\SOURCE-FILES\GAMESERVER\GAMESERVER\RELEASE\GAMESERVERCS\MAPITEM.OBJ
F:\WORK\MUSERVERSSOURCE\S13\SOURCE-FILES\GAMESERVER\GAMESERVER\RELEASE\GAMESERVERCS\MAPMANAGER.OBJ
F:\WORK\MUSERVERSSOURCE\S13\SOURCE-FILES\GAMESERVER\GAMESERVER\RELEASE\GAMESERVERCS\MAPPATH.OBJ
F:\WORK\MUSERVERSSOURCE\S13\SOURCE-FILES\GAMESERVER\GAMESERVER\RELEASE\GAMESERVERCS\MAPSERVERMANAGER.OBJ
F:\WORK\MUSERVERSSOURCE\S13\SOURCE-FILES\GAMESERVER\GAMESERVER\RELEASE\GAMESERVERCS\MASTERSKILLTREE.OBJ
F:\WORK\MUSERVERSSOURCE\S13\SOURCE-FILES\GAMESERVER\GAMESERVER\RELEASE\GAMESERVERCS\MASTERSKILLTREE_4TH.OBJ
F:\WORK\MUSERVERSSOURCE\S13\SOURCE-FILES\GAMESERVER\GAMESERVER\RELEASE\GAMESERVERCS\MASTERYITEMEXTOPTIONSET.OBJ
F:\WORK\MUSERVERSSOURCE\S13\SOURCE-FILES\GAMESERVER\GAMESERVER\RELEASE\GAMESERVERCS\MATH.OBJ
F:\WORK\MUSERVERSSOURCE\S13\SOURCE-FILES\GAMESERVER\GAMESERVER\RELEASE\GAMESERVERCS\MEMORYALLOCATOR.OBJ
F:\WORK\MUSERVERSSOURCE\S13\SOURCE-FILES\GAMESERVER\GAMESERVER\RELEASE\GAMESERVERCS\MEMORYALLOCATORINFO.OBJ
F:\WORK\MUSERVERSSOURCE\S13\SOURCE-FILES\GAMESERVER\GAMESERVER\RELEASE\GAMESERVERCS\MEMSCRIPT.OBJ
F:\WORK\MUSERVERSSOURCE\S13\SOURCE-FILES\GAMESERVER\GAMESERVER\RELEASE\GAMESERVERCS\MERCENARY.OBJ
F:\WORK\MUSERVERSSOURCE\S13\SOURCE-FILES\GAMESERVER\GAMESERVER\RELEASE\GAMESERVERCS\MESSAGE.OBJ
F:\WORK\MUSERVERSSOURCE\S13\SOURCE-FILES\GAMESERVER\GAMESERVER\RELEASE\GAMESERVERCS\MINIDUMP.OBJ
F:\WORK\MUSERVERSSOURCE\S13\SOURCE-FILES\GAMESERVER\GAMESERVER\RELEASE\GAMESERVERCS\MINIMAP.OBJ
F:\WORK\MUSERVERSSOURCE\S13\SOURCE-FILES\GAMESERVER\GAMESERVER\RELEASE\GAMESERVERCS\MININGSYSTEM.OBJ
F:\WORK\MUSERVERSSOURCE\S13\SOURCE-FILES\GAMESERVER\GAMESERVER\RELEASE\GAMESERVERCS\MMITEMSLOT.OBJ
F:\WORK\MUSERVERSSOURCE\S13\SOURCE-FILES\GAMESERVER\GAMESERVER\RELEASE\GAMESERVERCS\MONSTER.OBJ
F:\WORK\MUSERVERSSOURCE\S13\SOURCE-FILES\GAMESERVER\GAMESERVER\RELEASE\GAMESERVERCS\MONSTERAI.OBJ
F:\WORK\MUSERVERSSOURCE\S13\SOURCE-FILES\GAMESERVER\GAMESERVER\RELEASE\GAMESERVERCS\MONSTERAIAGRO.OBJ
F:\WORK\MUSERVERSSOURCE\S13\SOURCE-FILES\GAMESERVER\GAMESERVER\RELEASE\GAMESERVERCS\MONSTERAIAUTOMATA.OBJ
F:\WORK\MUSERVERSSOURCE\S13\SOURCE-FILES\GAMESERVER\GAMESERVER\RELEASE\GAMESERVERCS\MONSTERAIAUTOMATAINFO.OBJ
F:\WORK\MUSERVERSSOURCE\S13\SOURCE-FILES\GAMESERVER\GAMESERVER\RELEASE\GAMESERVERCS\MONSTERAIELEMENT.OBJ
F:\WORK\MUSERVERSSOURCE\S13\SOURCE-FILES\GAMESERVER\GAMESERVER\RELEASE\GAMESERVERCS\MONSTERAIELEMENTINFO.OBJ
F:\WORK\MUSERVERSSOURCE\S13\SOURCE-FILES\GAMESERVER\GAMESERVER\RELEASE\GAMESERVERCS\MONSTERAIGROUP.OBJ
F:\WORK\MUSERVERSSOURCE\S13\SOURCE-FILES\GAMESERVER\GAMESERVER\RELEASE\GAMESERVERCS\MONSTERAIGROUPMEMBER.OBJ
F:\WORK\MUSERVERSSOURCE\S13\SOURCE-FILES\GAMESERVER\GAMESERVER\RELEASE\GAMESERVERCS\MONSTERAIMOVEPATH.OBJ
F:\WORK\MUSERVERSSOURCE\S13\SOURCE-FILES\GAMESERVER\GAMESERVER\RELEASE\GAMESERVERCS\MONSTERAIMOVEPATHINFO.OBJ
F:\WORK\MUSERVERSSOURCE\S13\SOURCE-FILES\GAMESERVER\GAMESERVER\RELEASE\GAMESERVERCS\MONSTERAIRULE.OBJ
F:\WORK\MUSERVERSSOURCE\S13\SOURCE-FILES\GAMESERVER\GAMESERVER\RELEASE\GAMESERVERCS\MONSTERAIRULEINFO.OBJ
F:\WORK\MUSERVERSSOURCE\S13\SOURCE-FILES\GAMESERVER\GAMESERVER\RELEASE\GAMESERVERCS\MONSTERAISTATE.OBJ
F:\WORK\MUSERVERSSOURCE\S13\SOURCE-FILES\GAMESERVER\GAMESERVER\RELEASE\GAMESERVERCS\MONSTERAIUNIT.OBJ
F:\WORK\MUSERVERSSOURCE\S13\SOURCE-FILES\GAMESERVER\GAMESERVER\RELEASE\GAMESERVERCS\MONSTERAIUNITINFO.OBJ
F:\WORK\MUSERVERSSOURCE\S13\SOURCE-FILES\GAMESERVER\GAMESERVER\RELEASE\GAMESERVERCS\MONSTERAIUTIL.OBJ
F:\WORK\MUSERVERSSOURCE\S13\SOURCE-FILES\GAMESERVER\GAMESERVER\RELEASE\GAMESERVERCS\MONSTERMANAGER.OBJ
F:\WORK\MUSERVERSSOURCE\S13\SOURCE-FILES\GAMESERVER\GAMESERVER\RELEASE\GAMESERVERCS\MONSTERSETBASE.OBJ
F:\WORK\MUSERVERSSOURCE\S13\SOURCE-FILES\GAMESERVER\GAMESERVER\RELEASE\GAMESERVERCS\MONSTERSKILLELEMENT.OBJ
F:\WORK\MUSERVERSSOURCE\S13\SOURCE-FILES\GAMESERVER\GAMESERVER\RELEASE\GAMESERVERCS\MONSTERSKILLELEMENTINFO.OBJ
F:\WORK\MUSERVERSSOURCE\S13\SOURCE-FILES\GAMESERVER\GAMESERVER\RELEASE\GAMESERVERCS\MONSTERSKILLELEMENTOPTION.OBJ
F:\WORK\MUSERVERSSOURCE\S13\SOURCE-FILES\GAMESERVER\GAMESERVER\RELEASE\GAMESERVERCS\MONSTERSKILLINFO.OBJ
F:\WORK\MUSERVERSSOURCE\S13\SOURCE-FILES\GAMESERVER\GAMESERVER\RELEASE\GAMESERVERCS\MONSTERSKILLMANAGER.OBJ
F:\WORK\MUSERVERSSOURCE\S13\SOURCE-FILES\GAMESERVER\GAMESERVER\RELEASE\GAMESERVERCS\MONSTERSKILLUNIT.OBJ
F:\WORK\MUSERVERSSOURCE\S13\SOURCE-FILES\GAMESERVER\GAMESERVER\RELEASE\GAMESERVERCS\MONSTERSKILLUNITINFO.OBJ
F:\WORK\MUSERVERSSOURCE\S13\SOURCE-FILES\GAMESERVER\GAMESERVER\RELEASE\GAMESERVERCS\MONSTERSPAWNER.OBJ
F:\WORK\MUSERVERSSOURCE\S13\SOURCE-FILES\GAMESERVER\GAMESERVER\RELEASE\GAMESERVERCS\MOSSMERCHANT.OBJ
F:\WORK\MUSERVERSSOURCE\S13\SOURCE-FILES\GAMESERVER\GAMESERVER\RELEASE\GAMESERVERCS\MOVE.OBJ
F:\WORK\MUSERVERSSOURCE\S13\SOURCE-FILES\GAMESERVER\GAMESERVER\RELEASE\GAMESERVERCS\MOVESUMMON.OBJ
F:\Work\MuServersSource\s13\source-files\GameServer\GameServer\Release\GameServerCS\mt.command.1.tlog
F:\Work\MuServersSource\s13\source-files\GameServer\GameServer\Release\GameServerCS\mt.read.1.tlog
F:\Work\MuServersSource\s13\source-files\GameServer\GameServer\Release\GameServerCS\mt.write.1.tlog
F:\WORK\MUSERVERSSOURCE\S13\SOURCE-FILES\GAMESERVER\GAMESERVER\RELEASE\GAMESERVERCS\MUFC.OBJ
F:\WORK\MUSERVERSSOURCE\S13\SOURCE-FILES\GAMESERVER\GAMESERVER\RELEASE\GAMESERVERCS\MURUMMY.OBJ
F:\WORK\MUSERVERSSOURCE\S13\SOURCE-FILES\GAMESERVER\GAMESERVER\RELEASE\GAMESERVERCS\MUUNSYSTEM.OBJ
F:\WORK\MUSERVERSSOURCE\S13\SOURCE-FILES\GAMESERVER\GAMESERVER\RELEASE\GAMESERVERCS\MYSTERIOUSSTONE.OBJ
F:\WORK\MUSERVERSSOURCE\S13\SOURCE-FILES\GAMESERVER\GAMESERVER\RELEASE\GAMESERVERCS\NEWQUESTWORLD.OBJ
F:\WORK\MUSERVERSSOURCE\S13\SOURCE-FILES\GAMESERVER\GAMESERVER\RELEASE\GAMESERVERCS\NEWSSYSTEM.OBJ
F:\WORK\MUSERVERSSOURCE\S13\SOURCE-FILES\GAMESERVER\GAMESERVER\RELEASE\GAMESERVERCS\NOTICE.OBJ
F:\WORK\MUSERVERSSOURCE\S13\SOURCE-FILES\GAMESERVER\GAMESERVER\RELEASE\GAMESERVERCS\NPCTALK.OBJ
F:\WORK\MUSERVERSSOURCE\S13\SOURCE-FILES\GAMESERVER\GAMESERVER\RELEASE\GAMESERVERCS\OBJECTMANAGER.OBJ
F:\WORK\MUSERVERSSOURCE\S13\SOURCE-FILES\GAMESERVER\GAMESERVER\RELEASE\GAMESERVERCS\OFICINA.OBJ
F:\WORK\MUSERVERSSOURCE\S13\SOURCE-FILES\GAMESERVER\GAMESERVER\RELEASE\GAMESERVERCS\PACKETMANAGER.OBJ
F:\WORK\MUSERVERSSOURCE\S13\SOURCE-FILES\GAMESERVER\GAMESERVER\RELEASE\GAMESERVERCS\PARTY.OBJ
F:\WORK\MUSERVERSSOURCE\S13\SOURCE-FILES\GAMESERVER\GAMESERVER\RELEASE\GAMESERVERCS\PARTYMATCHING.OBJ
F:\WORK\MUSERVERSSOURCE\S13\SOURCE-FILES\GAMESERVER\GAMESERVER\RELEASE\GAMESERVERCS\PATH.OBJ
F:\WORK\MUSERVERSSOURCE\S13\SOURCE-FILES\GAMESERVER\GAMESERVER\RELEASE\GAMESERVERCS\PCPOINT.OBJ
F:\WORK\MUSERVERSSOURCE\S13\SOURCE-FILES\GAMESERVER\GAMESERVER\RELEASE\GAMESERVERCS\PENTAGRAMSYSTEM.OBJ
F:\WORK\MUSERVERSSOURCE\S13\SOURCE-FILES\GAMESERVER\GAMESERVER\RELEASE\GAMESERVERCS\PERSONALSHOP.OBJ
F:\WORK\MUSERVERSSOURCE\S13\SOURCE-FILES\GAMESERVER\GAMESERVER\RELEASE\GAMESERVERCS\PROTECT.OBJ
F:\WORK\MUSERVERSSOURCE\S13\SOURCE-FILES\GAMESERVER\GAMESERVER\RELEASE\GAMESERVERCS\PROTOCOL.OBJ
F:\WORK\MUSERVERSSOURCE\S13\SOURCE-FILES\GAMESERVER\GAMESERVER\RELEASE\GAMESERVERCS\QUEST.OBJ
F:\WORK\MUSERVERSSOURCE\S13\SOURCE-FILES\GAMESERVER\GAMESERVER\RELEASE\GAMESERVERCS\QUESTOBJECTIVE.OBJ
F:\WORK\MUSERVERSSOURCE\S13\SOURCE-FILES\GAMESERVER\GAMESERVER\RELEASE\GAMESERVERCS\QUESTREWARD.OBJ
F:\WORK\MUSERVERSSOURCE\S13\SOURCE-FILES\GAMESERVER\GAMESERVER\RELEASE\GAMESERVERCS\QUESTWORLD.OBJ
F:\WORK\MUSERVERSSOURCE\S13\SOURCE-FILES\GAMESERVER\GAMESERVER\RELEASE\GAMESERVERCS\QUESTWORLDOBJECTIVE.OBJ
F:\WORK\MUSERVERSSOURCE\S13\SOURCE-FILES\GAMESERVER\GAMESERVER\RELEASE\GAMESERVERCS\QUESTWORLDREWARD.OBJ
F:\WORK\MUSERVERSSOURCE\S13\SOURCE-FILES\GAMESERVER\GAMESERVER\RELEASE\GAMESERVERCS\QUEUE.OBJ
F:\WORK\MUSERVERSSOURCE\S13\SOURCE-FILES\GAMESERVER\GAMESERVER\RELEASE\GAMESERVERCS\QUEUETIMER.OBJ
F:\WORK\MUSERVERSSOURCE\S13\SOURCE-FILES\GAMESERVER\GAMESERVER\RELEASE\GAMESERVERCS\RAKLION.OBJ
F:\WORK\MUSERVERSSOURCE\S13\SOURCE-FILES\GAMESERVER\GAMESERVER\RELEASE\GAMESERVERCS\RAKLIONBATTLEOFSELUPAN.OBJ
F:\WORK\MUSERVERSSOURCE\S13\SOURCE-FILES\GAMESERVER\GAMESERVER\RELEASE\GAMESERVERCS\RAKLIONBATTLEUSER.OBJ
F:\WORK\MUSERVERSSOURCE\S13\SOURCE-FILES\GAMESERVER\GAMESERVER\RELEASE\GAMESERVERCS\RAKLIONBATTLEUSERMNG.OBJ
F:\WORK\MUSERVERSSOURCE\S13\SOURCE-FILES\GAMESERVER\GAMESERVER\RELEASE\GAMESERVERCS\RAKLIONOBJINFO.OBJ
F:\WORK\MUSERVERSSOURCE\S13\SOURCE-FILES\GAMESERVER\GAMESERVER\RELEASE\GAMESERVERCS\RAKLIONSELUPAN.OBJ
F:\WORK\MUSERVERSSOURCE\S13\SOURCE-FILES\GAMESERVER\GAMESERVER\RELEASE\GAMESERVERCS\RAKLIONUTIL.OBJ
F:\WORK\MUSERVERSSOURCE\S13\SOURCE-FILES\GAMESERVER\GAMESERVER\RELEASE\GAMESERVERCS\RANDOMMANAGER.OBJ
F:\Work\MuServersSource\s13\source-files\GameServer\GameServer\Release\GameServerCS\rc.command.1.tlog
F:\Work\MuServersSource\s13\source-files\GameServer\GameServer\Release\GameServerCS\rc.read.1.tlog
F:\Work\MuServersSource\s13\source-files\GameServer\GameServer\Release\GameServerCS\rc.write.1.tlog
F:\WORK\MUSERVERSSOURCE\S13\SOURCE-FILES\GAMESERVER\GAMESERVER\RELEASE\GAMESERVERCS\RECONNECT.OBJ
F:\WORK\MUSERVERSSOURCE\S13\SOURCE-FILES\GAMESERVER\GAMESERVER\RELEASE\GAMESERVERCS\RESETTABLE.OBJ
F:\WORK\MUSERVERSSOURCE\S13\SOURCE-FILES\GAMESERVER\GAMESERVER\RELEASE\GAMESERVERCS\RESTORESOLDITEM.OBJ
F:\WORK\MUSERVERSSOURCE\S13\SOURCE-FILES\GAMESERVER\GAMESERVER\RELEASE\GAMESERVERCS\RHEAGOLD.OBJ
F:\WORK\MUSERVERSSOURCE\S13\SOURCE-FILES\GAMESERVER\GAMESERVER\RELEASE\GAMESERVERCS\RUUDTOKENREWARDPROBABILITY.OBJ
F:\WORK\MUSERVERSSOURCE\S13\SOURCE-FILES\GAMESERVER\GAMESERVER\RELEASE\GAMESERVERCS\SCHEDULEMANAGER.OBJ
F:\WORK\MUSERVERSSOURCE\S13\SOURCE-FILES\GAMESERVER\GAMESERVER\RELEASE\GAMESERVERCS\SERIALCHECK.OBJ
F:\WORK\MUSERVERSSOURCE\S13\SOURCE-FILES\GAMESERVER\GAMESERVER\RELEASE\GAMESERVERCS\SERVERDISPLAYER.OBJ
F:\WORK\MUSERVERSSOURCE\S13\SOURCE-FILES\GAMESERVER\GAMESERVER\RELEASE\GAMESERVERCS\SERVERINFO.OBJ
F:\WORK\MUSERVERSSOURCE\S13\SOURCE-FILES\GAMESERVER\GAMESERVER\RELEASE\GAMESERVERCS\SETITEMOPTION.OBJ
F:\WORK\MUSERVERSSOURCE\S13\SOURCE-FILES\GAMESERVER\GAMESERVER\RELEASE\GAMESERVERCS\SETITEMTYPE.OBJ
F:\WORK\MUSERVERSSOURCE\S13\SOURCE-FILES\GAMESERVER\GAMESERVER\RELEASE\GAMESERVERCS\SHOP.OBJ
F:\WORK\MUSERVERSSOURCE\S13\SOURCE-FILES\GAMESERVER\GAMESERVER\RELEASE\GAMESERVERCS\SHOPMANAGER.OBJ
F:\WORK\MUSERVERSSOURCE\S13\SOURCE-FILES\GAMESERVER\GAMESERVER\RELEASE\GAMESERVERCS\SILVESTER.OBJ
F:\WORK\MUSERVERSSOURCE\S13\SOURCE-FILES\GAMESERVER\GAMESERVER\RELEASE\GAMESERVERCS\SKILL.OBJ
F:\WORK\MUSERVERSSOURCE\S13\SOURCE-FILES\GAMESERVER\GAMESERVER\RELEASE\GAMESERVERCS\SKILLHITBOX.OBJ
F:\WORK\MUSERVERSSOURCE\S13\SOURCE-FILES\GAMESERVER\GAMESERVER\RELEASE\GAMESERVERCS\SKILLMANAGER.OBJ
F:\WORK\MUSERVERSSOURCE\S13\SOURCE-FILES\GAMESERVER\GAMESERVER\RELEASE\GAMESERVERCS\SOCKETCHAOS.OBJ
F:\WORK\MUSERVERSSOURCE\S13\SOURCE-FILES\GAMESERVER\GAMESERVER\RELEASE\GAMESERVERCS\SOCKETITEMOPTION.OBJ
F:\WORK\MUSERVERSSOURCE\S13\SOURCE-FILES\GAMESERVER\GAMESERVER\RELEASE\GAMESERVERCS\SOCKETITEMTYPE.OBJ
F:\WORK\MUSERVERSSOURCE\S13\SOURCE-FILES\GAMESERVER\GAMESERVER\RELEASE\GAMESERVERCS\SOCKETMANAGER.OBJ
F:\WORK\MUSERVERSSOURCE\S13\SOURCE-FILES\GAMESERVER\GAMESERVER\RELEASE\GAMESERVERCS\SOCKETMANAGERUDP.OBJ
F:\WORK\MUSERVERSSOURCE\S13\SOURCE-FILES\GAMESERVER\GAMESERVER\RELEASE\GAMESERVERCS\SPEEDFILA.OBJ
F:\WORK\MUSERVERSSOURCE\S13\SOURCE-FILES\GAMESERVER\GAMESERVER\RELEASE\GAMESERVERCS\STATSPECIALIZE.OBJ
F:\WORK\MUSERVERSSOURCE\S13\SOURCE-FILES\GAMESERVER\GAMESERVER\RELEASE\GAMESERVERCS\STDAFX.OBJ
F:\WORK\MUSERVERSSOURCE\S13\SOURCE-FILES\GAMESERVER\GAMESERVER\RELEASE\GAMESERVERCS\SUMMONSCROLL.OBJ
F:\WORK\MUSERVERSSOURCE\S13\SOURCE-FILES\GAMESERVER\GAMESERVER\RELEASE\GAMESERVERCS\SXIDECRYP.OBJ
F:\WORK\MUSERVERSSOURCE\S13\SOURCE-FILES\GAMESERVER\GAMESERVER\RELEASE\GAMESERVERCS\TRADE.OBJ
F:\WORK\MUSERVERSSOURCE\S13\SOURCE-FILES\GAMESERVER\GAMESERVER\RELEASE\GAMESERVERCS\UNION.OBJ
F:\WORK\MUSERVERSSOURCE\S13\SOURCE-FILES\GAMESERVER\GAMESERVER\RELEASE\GAMESERVERCS\UNIONINFO.OBJ
F:\WORK\MUSERVERSSOURCE\S13\SOURCE-FILES\GAMESERVER\GAMESERVER\RELEASE\GAMESERVERCS\UNITYBATTLEFIELD.OBJ
F:\WORK\MUSERVERSSOURCE\S13\SOURCE-FILES\GAMESERVER\GAMESERVER\RELEASE\GAMESERVERCS\USER.OBJ
F:\WORK\MUSERVERSSOURCE\S13\SOURCE-FILES\GAMESERVER\GAMESERVER\RELEASE\GAMESERVERCS\UTIL.OBJ
F:\WORK\MUSERVERSSOURCE\S13\SOURCE-FILES\GAMESERVER\GAMESERVER\RELEASE\GAMESERVERCS\VC100.PDB
F:\WORK\MUSERVERSSOURCE\S13\SOURCE-FILES\GAMESERVER\GAMESERVER\RELEASE\GAMESERVERCS\VIEWPORT.OBJ
F:\WORK\MUSERVERSSOURCE\S13\SOURCE-FILES\GAMESERVER\GAMESERVER\RELEASE\GAMESERVERCS\WAREHOUSE.OBJ
F:\WORK\MUSERVERSSOURCE\S13\SOURCE-FILES\GAMESERVER\GAMESERVER\RELEASE\GAMESERVERCS\WINGS4THOPTION.OBJ
F:\WORK\MUSERVERSSOURCE\S13\SOURCE-FILES\RELEASE\GAMESERVERCS\GAMESERVER.EXE
F:\Work\MuServersSource\s13\source-files\Release\GameServerCS\GameServer.exp
F:\Work\MuServersSource\s13\source-files\Release\GameServerCS\GameServer.lib
F:\WORK\MUSERVERSSOURCE\S13\SOURCE-FILES\RELEASE\GAMESERVERCS\GAMESERVER.MAP
F:\WORK\MUSERVERSSOURCE\S13\SOURCE-FILES\RELEASE\GAMESERVERCS\GAMESERVER.PDB
