..\..\..\MuServer\GameServer\GameServer.ilk
..\..\..\MuServer\GameServer\GameServer.pdb
F:\WORK\MUSERVERSSOURCE\S13\MUSERVER\GAMESERVER\GAMESERVER.EXE
F:\Work\MuServersSource\s13\MuServer\GameServer\GameServer.exp
F:\WORK\MUSERVERSSOURCE\S13\MUSERVER\GAMESERVER\GAMESERVER.ILK
F:\Work\MuServersSource\s13\MuServer\GameServer\GameServer.lib
F:\WORK\MUSERVERSSOURCE\S13\MUSERVER\GAMESERVER\GAMESERVER.PDB
F:\Work\MuServersSource\s13\source-files\GameServer\GameServer\..\..\..\MuServer\GameServer\GameServer.exe
F:\WORK\MUSERVERSSOURCE\S13\SOURCE-FILES\GAMESERVER\GAMESERVER\DEBUG\GAMESERVER\380ITEMOPTION.OBJ
F:\WORK\MUSERVERSSOURCE\S13\SOURCE-FILES\GAMESERVER\GAMESERVER\DEBUG\GAMESERVER\380ITEMTYPE.OBJ
F:\WORK\MUSERVERSSOURCE\S13\SOURCE-FILES\GAMESERVER\GAMESERVER\DEBUG\GAMESERVER\ADDONS.OBJ
F:\WORK\MUSERVERSSOURCE\S13\SOURCE-FILES\GAMESERVER\GAMESERVER\DEBUG\GAMESERVER\ARCABATTLE.OBJ
F:\WORK\MUSERVERSSOURCE\S13\SOURCE-FILES\GAMESERVER\GAMESERVER\DEBUG\GAMESERVER\ATTACK.OBJ
F:\WORK\MUSERVERSSOURCE\S13\SOURCE-FILES\GAMESERVER\GAMESERVER\DEBUG\GAMESERVER\BATTLEGROUND.OBJ
F:\WORK\MUSERVERSSOURCE\S13\SOURCE-FILES\GAMESERVER\GAMESERVER\DEBUG\GAMESERVER\BATTLESOCCER.OBJ
F:\WORK\MUSERVERSSOURCE\S13\SOURCE-FILES\GAMESERVER\GAMESERVER\DEBUG\GAMESERVER\BATTLESOCCERMANAGER.OBJ
F:\WORK\MUSERVERSSOURCE\S13\SOURCE-FILES\GAMESERVER\GAMESERVER\DEBUG\GAMESERVER\BLOODCASTLE.OBJ
F:\WORK\MUSERVERSSOURCE\S13\SOURCE-FILES\GAMESERVER\GAMESERVER\DEBUG\GAMESERVER\BONUSMANAGER.OBJ
F:\WORK\MUSERVERSSOURCE\S13\SOURCE-FILES\GAMESERVER\GAMESERVER\DEBUG\GAMESERVER\CACHERONGUARDIANEVENT.OBJ
F:\WORK\MUSERVERSSOURCE\S13\SOURCE-FILES\GAMESERVER\GAMESERVER\DEBUG\GAMESERVER\CALFORMULA.OBJ
F:\WORK\MUSERVERSSOURCE\S13\SOURCE-FILES\GAMESERVER\GAMESERVER\DEBUG\GAMESERVER\CANNONTOWER.OBJ
F:\WORK\MUSERVERSSOURCE\S13\SOURCE-FILES\GAMESERVER\GAMESERVER\DEBUG\GAMESERVER\CASHSHOP.OBJ
F:\WORK\MUSERVERSSOURCE\S13\SOURCE-FILES\GAMESERVER\GAMESERVER\DEBUG\GAMESERVER\CASTLEDEEP.OBJ
F:\WORK\MUSERVERSSOURCE\S13\SOURCE-FILES\GAMESERVER\GAMESERVER\DEBUG\GAMESERVER\CASTLESIEGE.OBJ
F:\WORK\MUSERVERSSOURCE\S13\SOURCE-FILES\GAMESERVER\GAMESERVER\DEBUG\GAMESERVER\CASTLESIEGECROWN.OBJ
F:\WORK\MUSERVERSSOURCE\S13\SOURCE-FILES\GAMESERVER\GAMESERVER\DEBUG\GAMESERVER\CASTLESIEGECROWNSWITCH.OBJ
F:\WORK\MUSERVERSSOURCE\S13\SOURCE-FILES\GAMESERVER\GAMESERVER\DEBUG\GAMESERVER\CASTLESIEGESYNC.OBJ
F:\WORK\MUSERVERSSOURCE\S13\SOURCE-FILES\GAMESERVER\GAMESERVER\DEBUG\GAMESERVER\CASTLESIEGEWEAPON.OBJ
F:\WORK\MUSERVERSSOURCE\S13\SOURCE-FILES\GAMESERVER\GAMESERVER\DEBUG\GAMESERVER\CBLOCKCHATUSERSYSTEM.OBJ
F:\WORK\MUSERVERSSOURCE\S13\SOURCE-FILES\GAMESERVER\GAMESERVER\DEBUG\GAMESERVER\CBOMBHUNTINFO.OBJ
F:\WORK\MUSERVERSSOURCE\S13\SOURCE-FILES\GAMESERVER\GAMESERVER\DEBUG\GAMESERVER\CBOMBHUNTMNG.OBJ
F:\WORK\MUSERVERSSOURCE\S13\SOURCE-FILES\GAMESERVER\GAMESERVER\DEBUG\GAMESERVER\CCRC32.OBJ
F:\WORK\MUSERVERSSOURCE\S13\SOURCE-FILES\GAMESERVER\GAMESERVER\DEBUG\GAMESERVER\CHAOSBOX.OBJ
F:\WORK\MUSERVERSSOURCE\S13\SOURCE-FILES\GAMESERVER\GAMESERVER\DEBUG\GAMESERVER\CHAOSCASTLE.OBJ
F:\WORK\MUSERVERSSOURCE\S13\SOURCE-FILES\GAMESERVER\GAMESERVER\DEBUG\GAMESERVER\CHATSYSTEM.OBJ
F:\WORK\MUSERVERSSOURCE\S13\SOURCE-FILES\GAMESERVER\GAMESERVER\DEBUG\GAMESERVER\CHEATGUARD.OBJ
F:\Work\MuServersSource\s13\source-files\GameServer\GameServer\Debug\GameServer\cl.command.1.tlog
F:\Work\MuServersSource\s13\source-files\GameServer\GameServer\Debug\GameServer\CL.read.1.tlog
F:\Work\MuServersSource\s13\source-files\GameServer\GameServer\Debug\GameServer\CL.write.1.tlog
F:\WORK\MUSERVERSSOURCE\S13\SOURCE-FILES\GAMESERVER\GAMESERVER\DEBUG\GAMESERVER\CNIXIESLAKEBOSS.OBJ
F:\WORK\MUSERVERSSOURCE\S13\SOURCE-FILES\GAMESERVER\GAMESERVER\DEBUG\GAMESERVER\CNIXIESLAKEBOSSZONE.OBJ
F:\WORK\MUSERVERSSOURCE\S13\SOURCE-FILES\GAMESERVER\GAMESERVER\DEBUG\GAMESERVER\COMBOSKILL.OBJ
F:\WORK\MUSERVERSSOURCE\S13\SOURCE-FILES\GAMESERVER\GAMESERVER\DEBUG\GAMESERVER\COMBOSKILLPATH.OBJ
F:\WORK\MUSERVERSSOURCE\S13\SOURCE-FILES\GAMESERVER\GAMESERVER\DEBUG\GAMESERVER\COMMANDMANAGER.OBJ
F:\WORK\MUSERVERSSOURCE\S13\SOURCE-FILES\GAMESERVER\GAMESERVER\DEBUG\GAMESERVER\CONFIGS.OBJ
F:\WORK\MUSERVERSSOURCE\S13\SOURCE-FILES\GAMESERVER\GAMESERVER\DEBUG\GAMESERVER\CONNECTION.OBJ
F:\WORK\MUSERVERSSOURCE\S13\SOURCE-FILES\GAMESERVER\GAMESERVER\DEBUG\GAMESERVER\CRITICALSECTION.OBJ
F:\WORK\MUSERVERSSOURCE\S13\SOURCE-FILES\GAMESERVER\GAMESERVER\DEBUG\GAMESERVER\CRYWOLF.OBJ
F:\WORK\MUSERVERSSOURCE\S13\SOURCE-FILES\GAMESERVER\GAMESERVER\DEBUG\GAMESERVER\CRYWOLFALTAR.OBJ
F:\WORK\MUSERVERSSOURCE\S13\SOURCE-FILES\GAMESERVER\GAMESERVER\DEBUG\GAMESERVER\CRYWOLFOBJINFO.OBJ
F:\WORK\MUSERVERSSOURCE\S13\SOURCE-FILES\GAMESERVER\GAMESERVER\DEBUG\GAMESERVER\CRYWOLFSTATETIMEINFO.OBJ
F:\WORK\MUSERVERSSOURCE\S13\SOURCE-FILES\GAMESERVER\GAMESERVER\DEBUG\GAMESERVER\CRYWOLFSTATUE.OBJ
F:\WORK\MUSERVERSSOURCE\S13\SOURCE-FILES\GAMESERVER\GAMESERVER\DEBUG\GAMESERVER\CRYWOLFSYNC.OBJ
F:\WORK\MUSERVERSSOURCE\S13\SOURCE-FILES\GAMESERVER\GAMESERVER\DEBUG\GAMESERVER\CRYWOLFUTIL.OBJ
F:\WORK\MUSERVERSSOURCE\S13\SOURCE-FILES\GAMESERVER\GAMESERVER\DEBUG\GAMESERVER\CSPROTOCOL.OBJ
F:\WORK\MUSERVERSSOURCE\S13\SOURCE-FILES\GAMESERVER\GAMESERVER\DEBUG\GAMESERVER\CUSTOMARENA.OBJ
F:\WORK\MUSERVERSSOURCE\S13\SOURCE-FILES\GAMESERVER\GAMESERVER\DEBUG\GAMESERVER\CUSTOMATTACK.OBJ
F:\WORK\MUSERVERSSOURCE\S13\SOURCE-FILES\GAMESERVER\GAMESERVER\DEBUG\GAMESERVER\CUSTOMEVENTDROP.OBJ
F:\WORK\MUSERVERSSOURCE\S13\SOURCE-FILES\GAMESERVER\GAMESERVER\DEBUG\GAMESERVER\CUSTOMJEWEL.OBJ
F:\WORK\MUSERVERSSOURCE\S13\SOURCE-FILES\GAMESERVER\GAMESERVER\DEBUG\GAMESERVER\CUSTOMMONSTER.OBJ
F:\WORK\MUSERVERSSOURCE\S13\SOURCE-FILES\GAMESERVER\GAMESERVER\DEBUG\GAMESERVER\CUSTOMPVPTIME.OBJ
F:\WORK\MUSERVERSSOURCE\S13\SOURCE-FILES\GAMESERVER\GAMESERVER\DEBUG\GAMESERVER\CUSTOMSTORE.OBJ
F:\WORK\MUSERVERSSOURCE\S13\SOURCE-FILES\GAMESERVER\GAMESERVER\DEBUG\GAMESERVER\CUSTOMWING.OBJ
F:\WORK\MUSERVERSSOURCE\S13\SOURCE-FILES\GAMESERVER\GAMESERVER\DEBUG\GAMESERVER\DARKSPIRIT.OBJ
F:\WORK\MUSERVERSSOURCE\S13\SOURCE-FILES\GAMESERVER\GAMESERVER\DEBUG\GAMESERVER\DEFAULTCLASSINFO.OBJ
F:\WORK\MUSERVERSSOURCE\S13\SOURCE-FILES\GAMESERVER\GAMESERVER\DEBUG\GAMESERVER\DEVILSQUARE.OBJ
F:\WORK\MUSERVERSSOURCE\S13\SOURCE-FILES\GAMESERVER\GAMESERVER\DEBUG\GAMESERVER\DOUBLEGOER.OBJ
F:\WORK\MUSERVERSSOURCE\S13\SOURCE-FILES\GAMESERVER\GAMESERVER\DEBUG\GAMESERVER\DROPSYSTEM.OBJ
F:\WORK\MUSERVERSSOURCE\S13\SOURCE-FILES\GAMESERVER\GAMESERVER\DEBUG\GAMESERVER\DSPROTOCOL.OBJ
F:\WORK\MUSERVERSSOURCE\S13\SOURCE-FILES\GAMESERVER\GAMESERVER\DEBUG\GAMESERVER\DUEL.OBJ
F:\WORK\MUSERVERSSOURCE\S13\SOURCE-FILES\GAMESERVER\GAMESERVER\DEBUG\GAMESERVER\EFFECT.OBJ
F:\WORK\MUSERVERSSOURCE\S13\SOURCE-FILES\GAMESERVER\GAMESERVER\DEBUG\GAMESERVER\EFFECTMANAGER.OBJ
F:\WORK\MUSERVERSSOURCE\S13\SOURCE-FILES\GAMESERVER\GAMESERVER\DEBUG\GAMESERVER\ESPROTOCOL.OBJ
F:\WORK\MUSERVERSSOURCE\S13\SOURCE-FILES\GAMESERVER\GAMESERVER\DEBUG\GAMESERVER\EVENTINVENTORY.OBJ
F:\WORK\MUSERVERSSOURCE\S13\SOURCE-FILES\GAMESERVER\GAMESERVER\DEBUG\GAMESERVER\EXPERIENCETABLE.OBJ
F:\WORK\MUSERVERSSOURCE\S13\SOURCE-FILES\GAMESERVER\GAMESERVER\DEBUG\GAMESERVER\FILAHIT.OBJ
F:\WORK\MUSERVERSSOURCE\S13\SOURCE-FILES\GAMESERVER\GAMESERVER\DEBUG\GAMESERVER\FILTER.OBJ
F:\WORK\MUSERVERSSOURCE\S13\SOURCE-FILES\GAMESERVER\GAMESERVER\DEBUG\GAMESERVER\FORTHTREE.OBJ
F:\WORK\MUSERVERSSOURCE\S13\SOURCE-FILES\GAMESERVER\GAMESERVER\DEBUG\GAMESERVER\FRUIT.OBJ
F:\WORK\MUSERVERSSOURCE\S13\SOURCE-FILES\GAMESERVER\GAMESERVER\DEBUG\GAMESERVER\GAMEMAIN.OBJ
F:\WORK\MUSERVERSSOURCE\S13\SOURCE-FILES\GAMESERVER\GAMESERVER\DEBUG\GAMESERVER\GAMEMASTER.OBJ
F:\WORK\MUSERVERSSOURCE\S13\SOURCE-FILES\GAMESERVER\GAMESERVER\DEBUG\GAMESERVER\GAMESERVER.EXE.EMBED.MANIFEST
F:\WORK\MUSERVERSSOURCE\S13\SOURCE-FILES\GAMESERVER\GAMESERVER\DEBUG\GAMESERVER\GAMESERVER.EXE.EMBED.MANIFEST.RES
F:\WORK\MUSERVERSSOURCE\S13\SOURCE-FILES\GAMESERVER\GAMESERVER\DEBUG\GAMESERVER\GAMESERVER.EXE.INTERMEDIATE.MANIFEST
F:\WORK\MUSERVERSSOURCE\S13\SOURCE-FILES\GAMESERVER\GAMESERVER\DEBUG\GAMESERVER\GAMESERVER.OBJ
F:\WORK\MUSERVERSSOURCE\S13\SOURCE-FILES\GAMESERVER\GAMESERVER\DEBUG\GAMESERVER\GAMESERVER.PCH
F:\WORK\MUSERVERSSOURCE\S13\SOURCE-FILES\GAMESERVER\GAMESERVER\DEBUG\GAMESERVER\GAMESERVER.RES
F:\Work\MuServersSource\s13\source-files\GameServer\GameServer\Debug\GameServer\GameServer.write.1.tlog
F:\Work\MuServersSource\s13\source-files\GameServer\GameServer\Debug\GameServer\GameServer_manifest.rc
F:\WORK\MUSERVERSSOURCE\S13\SOURCE-FILES\GAMESERVER\GAMESERVER\DEBUG\GAMESERVER\GATE.OBJ
F:\WORK\MUSERVERSSOURCE\S13\SOURCE-FILES\GAMESERVER\GAMESERVER\DEBUG\GAMESERVER\GENSSYSTEM.OBJ
F:\WORK\MUSERVERSSOURCE\S13\SOURCE-FILES\GAMESERVER\GAMESERVER\DEBUG\GAMESERVER\GMSYSTEM.OBJ
F:\WORK\MUSERVERSSOURCE\S13\SOURCE-FILES\GAMESERVER\GAMESERVER\DEBUG\GAMESERVER\GODOFDARKNESS.OBJ
F:\WORK\MUSERVERSSOURCE\S13\SOURCE-FILES\GAMESERVER\GAMESERVER\DEBUG\GAMESERVER\GREMORYCASE.OBJ
F:\WORK\MUSERVERSSOURCE\S13\SOURCE-FILES\GAMESERVER\GAMESERVER\DEBUG\GAMESERVER\GUARDIANSTATUE.OBJ
F:\WORK\MUSERVERSSOURCE\S13\SOURCE-FILES\GAMESERVER\GAMESERVER\DEBUG\GAMESERVER\GUILD.OBJ
F:\WORK\MUSERVERSSOURCE\S13\SOURCE-FILES\GAMESERVER\GAMESERVER\DEBUG\GAMESERVER\GUILDCLASS.OBJ
F:\WORK\MUSERVERSSOURCE\S13\SOURCE-FILES\GAMESERVER\GAMESERVER\DEBUG\GAMESERVER\GUILDMATCHING.OBJ
F:\WORK\MUSERVERSSOURCE\S13\SOURCE-FILES\GAMESERVER\GAMESERVER\DEBUG\GAMESERVER\HACKCHECK.OBJ
F:\WORK\MUSERVERSSOURCE\S13\SOURCE-FILES\GAMESERVER\GAMESERVER\DEBUG\GAMESERVER\HACKPACKETCHECK.OBJ
F:\WORK\MUSERVERSSOURCE\S13\SOURCE-FILES\GAMESERVER\GAMESERVER\DEBUG\GAMESERVER\HELPER.OBJ
F:\WORK\MUSERVERSSOURCE\S13\SOURCE-FILES\GAMESERVER\GAMESERVER\DEBUG\GAMESERVER\HUNTINGGROUNDS.OBJ
F:\WORK\MUSERVERSSOURCE\S13\SOURCE-FILES\GAMESERVER\GAMESERVER\DEBUG\GAMESERVER\ILLUSIONTEMPLE.OBJ
F:\WORK\MUSERVERSSOURCE\S13\SOURCE-FILES\GAMESERVER\GAMESERVER\DEBUG\GAMESERVER\IMPERIALGUARDIAN.OBJ
F:\WORK\MUSERVERSSOURCE\S13\SOURCE-FILES\GAMESERVER\GAMESERVER\DEBUG\GAMESERVER\INVASIONMANAGER.OBJ
F:\WORK\MUSERVERSSOURCE\S13\SOURCE-FILES\GAMESERVER\GAMESERVER\DEBUG\GAMESERVER\INVENTORYEQUIPMENT.OBJ
F:\WORK\MUSERVERSSOURCE\S13\SOURCE-FILES\GAMESERVER\GAMESERVER\DEBUG\GAMESERVER\IPMANAGER.OBJ
F:\WORK\MUSERVERSSOURCE\S13\SOURCE-FILES\GAMESERVER\GAMESERVER\DEBUG\GAMESERVER\ITEM.OBJ
F:\WORK\MUSERVERSSOURCE\S13\SOURCE-FILES\GAMESERVER\GAMESERVER\DEBUG\GAMESERVER\ITEMBAG.OBJ
F:\WORK\MUSERVERSSOURCE\S13\SOURCE-FILES\GAMESERVER\GAMESERVER\DEBUG\GAMESERVER\ITEMBAGEX.OBJ
F:\WORK\MUSERVERSSOURCE\S13\SOURCE-FILES\GAMESERVER\GAMESERVER\DEBUG\GAMESERVER\ITEMBAGMANAGER.OBJ
F:\WORK\MUSERVERSSOURCE\S13\SOURCE-FILES\GAMESERVER\GAMESERVER\DEBUG\GAMESERVER\ITEMDROP.OBJ
F:\WORK\MUSERVERSSOURCE\S13\SOURCE-FILES\GAMESERVER\GAMESERVER\DEBUG\GAMESERVER\ITEMMANAGER.OBJ
F:\WORK\MUSERVERSSOURCE\S13\SOURCE-FILES\GAMESERVER\GAMESERVER\DEBUG\GAMESERVER\ITEMMOVE.OBJ
F:\WORK\MUSERVERSSOURCE\S13\SOURCE-FILES\GAMESERVER\GAMESERVER\DEBUG\GAMESERVER\ITEMOPTION.OBJ
F:\WORK\MUSERVERSSOURCE\S13\SOURCE-FILES\GAMESERVER\GAMESERVER\DEBUG\GAMESERVER\ITEMOPTIONRATE.OBJ
F:\WORK\MUSERVERSSOURCE\S13\SOURCE-FILES\GAMESERVER\GAMESERVER\DEBUG\GAMESERVER\ITEMSTACK.OBJ
F:\WORK\MUSERVERSSOURCE\S13\SOURCE-FILES\GAMESERVER\GAMESERVER\DEBUG\GAMESERVER\ITEMVALUE.OBJ
F:\WORK\MUSERVERSSOURCE\S13\SOURCE-FILES\GAMESERVER\GAMESERVER\DEBUG\GAMESERVER\JEWELMIX.OBJ
F:\WORK\MUSERVERSSOURCE\S13\SOURCE-FILES\GAMESERVER\GAMESERVER\DEBUG\GAMESERVER\JEWELOFHARMONYOPTION.OBJ
F:\WORK\MUSERVERSSOURCE\S13\SOURCE-FILES\GAMESERVER\GAMESERVER\DEBUG\GAMESERVER\JEWELOFHARMONYTYPE.OBJ
F:\WORK\MUSERVERSSOURCE\S13\SOURCE-FILES\GAMESERVER\GAMESERVER\DEBUG\GAMESERVER\JSPROTOCOL.OBJ
F:\WORK\MUSERVERSSOURCE\S13\SOURCE-FILES\GAMESERVER\GAMESERVER\DEBUG\GAMESERVER\KALIMA.OBJ
F:\WORK\MUSERVERSSOURCE\S13\SOURCE-FILES\GAMESERVER\GAMESERVER\DEBUG\GAMESERVER\KANTURU.OBJ
F:\WORK\MUSERVERSSOURCE\S13\SOURCE-FILES\GAMESERVER\GAMESERVER\DEBUG\GAMESERVER\KANTURUBATTLEOFMAYA.OBJ
F:\WORK\MUSERVERSSOURCE\S13\SOURCE-FILES\GAMESERVER\GAMESERVER\DEBUG\GAMESERVER\KANTURUBATTLEOFNIGHTMARE.OBJ
F:\WORK\MUSERVERSSOURCE\S13\SOURCE-FILES\GAMESERVER\GAMESERVER\DEBUG\GAMESERVER\KANTURUBATTLESTANBY.OBJ
F:\WORK\MUSERVERSSOURCE\S13\SOURCE-FILES\GAMESERVER\GAMESERVER\DEBUG\GAMESERVER\KANTURUBATTLEUSERMNG.OBJ
F:\WORK\MUSERVERSSOURCE\S13\SOURCE-FILES\GAMESERVER\GAMESERVER\DEBUG\GAMESERVER\KANTURUENTRANCENPC.OBJ
F:\WORK\MUSERVERSSOURCE\S13\SOURCE-FILES\GAMESERVER\GAMESERVER\DEBUG\GAMESERVER\KANTURUMAYA.OBJ
F:\WORK\MUSERVERSSOURCE\S13\SOURCE-FILES\GAMESERVER\GAMESERVER\DEBUG\GAMESERVER\KANTURUMONSTERMNG.OBJ
F:\WORK\MUSERVERSSOURCE\S13\SOURCE-FILES\GAMESERVER\GAMESERVER\DEBUG\GAMESERVER\KANTURUOBJINFO.OBJ
F:\WORK\MUSERVERSSOURCE\S13\SOURCE-FILES\GAMESERVER\GAMESERVER\DEBUG\GAMESERVER\KANTURUSTATEINFO.OBJ
F:\WORK\MUSERVERSSOURCE\S13\SOURCE-FILES\GAMESERVER\GAMESERVER\DEBUG\GAMESERVER\KANTURUTOWEROFREFINEMENT.OBJ
F:\WORK\MUSERVERSSOURCE\S13\SOURCE-FILES\GAMESERVER\GAMESERVER\DEBUG\GAMESERVER\KANTURUUTIL.OBJ
F:\WORK\MUSERVERSSOURCE\S13\SOURCE-FILES\GAMESERVER\GAMESERVER\DEBUG\GAMESERVER\LICENCECHECK.OBJ
F:\WORK\MUSERVERSSOURCE\S13\SOURCE-FILES\GAMESERVER\GAMESERVER\DEBUG\GAMESERVER\LIFESTONE.OBJ
F:\Work\MuServersSource\s13\source-files\GameServer\GameServer\Debug\GameServer\link.command.1.tlog
F:\Work\MuServersSource\s13\source-files\GameServer\GameServer\Debug\GameServer\link.read.1.tlog
F:\Work\MuServersSource\s13\source-files\GameServer\GameServer\Debug\GameServer\link.write.1.tlog
F:\Work\MuServersSource\s13\source-files\GameServer\GameServer\Debug\GameServer\link-cvtres.read.1.tlog
F:\Work\MuServersSource\s13\source-files\GameServer\GameServer\Debug\GameServer\link-cvtres.write.1.tlog
F:\WORK\MUSERVERSSOURCE\S13\SOURCE-FILES\GAMESERVER\GAMESERVER\DEBUG\GAMESERVER\LOG.OBJ
F:\WORK\MUSERVERSSOURCE\S13\SOURCE-FILES\GAMESERVER\GAMESERVER\DEBUG\GAMESERVER\LOGGER.OBJ
F:\WORK\MUSERVERSSOURCE\S13\SOURCE-FILES\GAMESERVER\GAMESERVER\DEBUG\GAMESERVER\LUCKYCOIN.OBJ
F:\WORK\MUSERVERSSOURCE\S13\SOURCE-FILES\GAMESERVER\GAMESERVER\DEBUG\GAMESERVER\LUCKYITEM.OBJ
F:\WORK\MUSERVERSSOURCE\S13\SOURCE-FILES\GAMESERVER\GAMESERVER\DEBUG\GAMESERVER\MAP.OBJ
F:\WORK\MUSERVERSSOURCE\S13\SOURCE-FILES\GAMESERVER\GAMESERVER\DEBUG\GAMESERVER\MAPITEM.OBJ
F:\WORK\MUSERVERSSOURCE\S13\SOURCE-FILES\GAMESERVER\GAMESERVER\DEBUG\GAMESERVER\MAPMANAGER.OBJ
F:\WORK\MUSERVERSSOURCE\S13\SOURCE-FILES\GAMESERVER\GAMESERVER\DEBUG\GAMESERVER\MAPPATH.OBJ
F:\WORK\MUSERVERSSOURCE\S13\SOURCE-FILES\GAMESERVER\GAMESERVER\DEBUG\GAMESERVER\MAPSERVERMANAGER.OBJ
F:\WORK\MUSERVERSSOURCE\S13\SOURCE-FILES\GAMESERVER\GAMESERVER\DEBUG\GAMESERVER\MASTERSKILLTREE.OBJ
F:\WORK\MUSERVERSSOURCE\S13\SOURCE-FILES\GAMESERVER\GAMESERVER\DEBUG\GAMESERVER\MASTERSKILLTREE_4TH.OBJ
F:\WORK\MUSERVERSSOURCE\S13\SOURCE-FILES\GAMESERVER\GAMESERVER\DEBUG\GAMESERVER\MASTERYITEMEXTOPTIONSET.OBJ
F:\WORK\MUSERVERSSOURCE\S13\SOURCE-FILES\GAMESERVER\GAMESERVER\DEBUG\GAMESERVER\MATH.OBJ
F:\WORK\MUSERVERSSOURCE\S13\SOURCE-FILES\GAMESERVER\GAMESERVER\DEBUG\GAMESERVER\MEMORYALLOCATOR.OBJ
F:\WORK\MUSERVERSSOURCE\S13\SOURCE-FILES\GAMESERVER\GAMESERVER\DEBUG\GAMESERVER\MEMORYALLOCATORINFO.OBJ
F:\WORK\MUSERVERSSOURCE\S13\SOURCE-FILES\GAMESERVER\GAMESERVER\DEBUG\GAMESERVER\MEMSCRIPT.OBJ
F:\WORK\MUSERVERSSOURCE\S13\SOURCE-FILES\GAMESERVER\GAMESERVER\DEBUG\GAMESERVER\MERCENARY.OBJ
F:\WORK\MUSERVERSSOURCE\S13\SOURCE-FILES\GAMESERVER\GAMESERVER\DEBUG\GAMESERVER\MESSAGE.OBJ
F:\WORK\MUSERVERSSOURCE\S13\SOURCE-FILES\GAMESERVER\GAMESERVER\DEBUG\GAMESERVER\MINIDUMP.OBJ
F:\WORK\MUSERVERSSOURCE\S13\SOURCE-FILES\GAMESERVER\GAMESERVER\DEBUG\GAMESERVER\MINIMAP.OBJ
F:\WORK\MUSERVERSSOURCE\S13\SOURCE-FILES\GAMESERVER\GAMESERVER\DEBUG\GAMESERVER\MININGSYSTEM.OBJ
F:\WORK\MUSERVERSSOURCE\S13\SOURCE-FILES\GAMESERVER\GAMESERVER\DEBUG\GAMESERVER\MMITEMSLOT.OBJ
F:\WORK\MUSERVERSSOURCE\S13\SOURCE-FILES\GAMESERVER\GAMESERVER\DEBUG\GAMESERVER\MONSTER.OBJ
F:\WORK\MUSERVERSSOURCE\S13\SOURCE-FILES\GAMESERVER\GAMESERVER\DEBUG\GAMESERVER\MONSTERAI.OBJ
F:\WORK\MUSERVERSSOURCE\S13\SOURCE-FILES\GAMESERVER\GAMESERVER\DEBUG\GAMESERVER\MONSTERAIAGRO.OBJ
F:\WORK\MUSERVERSSOURCE\S13\SOURCE-FILES\GAMESERVER\GAMESERVER\DEBUG\GAMESERVER\MONSTERAIAUTOMATA.OBJ
F:\WORK\MUSERVERSSOURCE\S13\SOURCE-FILES\GAMESERVER\GAMESERVER\DEBUG\GAMESERVER\MONSTERAIAUTOMATAINFO.OBJ
F:\WORK\MUSERVERSSOURCE\S13\SOURCE-FILES\GAMESERVER\GAMESERVER\DEBUG\GAMESERVER\MONSTERAIELEMENT.OBJ
F:\WORK\MUSERVERSSOURCE\S13\SOURCE-FILES\GAMESERVER\GAMESERVER\DEBUG\GAMESERVER\MONSTERAIELEMENTINFO.OBJ
F:\WORK\MUSERVERSSOURCE\S13\SOURCE-FILES\GAMESERVER\GAMESERVER\DEBUG\GAMESERVER\MONSTERAIGROUP.OBJ
F:\WORK\MUSERVERSSOURCE\S13\SOURCE-FILES\GAMESERVER\GAMESERVER\DEBUG\GAMESERVER\MONSTERAIGROUPMEMBER.OBJ
F:\WORK\MUSERVERSSOURCE\S13\SOURCE-FILES\GAMESERVER\GAMESERVER\DEBUG\GAMESERVER\MONSTERAIMOVEPATH.OBJ
F:\WORK\MUSERVERSSOURCE\S13\SOURCE-FILES\GAMESERVER\GAMESERVER\DEBUG\GAMESERVER\MONSTERAIMOVEPATHINFO.OBJ
F:\WORK\MUSERVERSSOURCE\S13\SOURCE-FILES\GAMESERVER\GAMESERVER\DEBUG\GAMESERVER\MONSTERAIRULE.OBJ
F:\WORK\MUSERVERSSOURCE\S13\SOURCE-FILES\GAMESERVER\GAMESERVER\DEBUG\GAMESERVER\MONSTERAIRULEINFO.OBJ
F:\WORK\MUSERVERSSOURCE\S13\SOURCE-FILES\GAMESERVER\GAMESERVER\DEBUG\GAMESERVER\MONSTERAISTATE.OBJ
F:\WORK\MUSERVERSSOURCE\S13\SOURCE-FILES\GAMESERVER\GAMESERVER\DEBUG\GAMESERVER\MONSTERAIUNIT.OBJ
F:\WORK\MUSERVERSSOURCE\S13\SOURCE-FILES\GAMESERVER\GAMESERVER\DEBUG\GAMESERVER\MONSTERAIUNITINFO.OBJ
F:\WORK\MUSERVERSSOURCE\S13\SOURCE-FILES\GAMESERVER\GAMESERVER\DEBUG\GAMESERVER\MONSTERAIUTIL.OBJ
F:\WORK\MUSERVERSSOURCE\S13\SOURCE-FILES\GAMESERVER\GAMESERVER\DEBUG\GAMESERVER\MONSTERMANAGER.OBJ
F:\WORK\MUSERVERSSOURCE\S13\SOURCE-FILES\GAMESERVER\GAMESERVER\DEBUG\GAMESERVER\MONSTERSETBASE.OBJ
F:\WORK\MUSERVERSSOURCE\S13\SOURCE-FILES\GAMESERVER\GAMESERVER\DEBUG\GAMESERVER\MONSTERSKILLELEMENT.OBJ
F:\WORK\MUSERVERSSOURCE\S13\SOURCE-FILES\GAMESERVER\GAMESERVER\DEBUG\GAMESERVER\MONSTERSKILLELEMENTINFO.OBJ
F:\WORK\MUSERVERSSOURCE\S13\SOURCE-FILES\GAMESERVER\GAMESERVER\DEBUG\GAMESERVER\MONSTERSKILLELEMENTOPTION.OBJ
F:\WORK\MUSERVERSSOURCE\S13\SOURCE-FILES\GAMESERVER\GAMESERVER\DEBUG\GAMESERVER\MONSTERSKILLINFO.OBJ
F:\WORK\MUSERVERSSOURCE\S13\SOURCE-FILES\GAMESERVER\GAMESERVER\DEBUG\GAMESERVER\MONSTERSKILLMANAGER.OBJ
F:\WORK\MUSERVERSSOURCE\S13\SOURCE-FILES\GAMESERVER\GAMESERVER\DEBUG\GAMESERVER\MONSTERSKILLUNIT.OBJ
F:\WORK\MUSERVERSSOURCE\S13\SOURCE-FILES\GAMESERVER\GAMESERVER\DEBUG\GAMESERVER\MONSTERSKILLUNITINFO.OBJ
F:\WORK\MUSERVERSSOURCE\S13\SOURCE-FILES\GAMESERVER\GAMESERVER\DEBUG\GAMESERVER\MONSTERSPAWNER.OBJ
F:\WORK\MUSERVERSSOURCE\S13\SOURCE-FILES\GAMESERVER\GAMESERVER\DEBUG\GAMESERVER\MONSTERSTATS.OBJ
F:\WORK\MUSERVERSSOURCE\S13\SOURCE-FILES\GAMESERVER\GAMESERVER\DEBUG\GAMESERVER\MOSSMERCHANT.OBJ
F:\WORK\MUSERVERSSOURCE\S13\SOURCE-FILES\GAMESERVER\GAMESERVER\DEBUG\GAMESERVER\MOVE.OBJ
F:\WORK\MUSERVERSSOURCE\S13\SOURCE-FILES\GAMESERVER\GAMESERVER\DEBUG\GAMESERVER\MOVESUMMON.OBJ
F:\Work\MuServersSource\s13\source-files\GameServer\GameServer\Debug\GameServer\mt.command.1.tlog
F:\Work\MuServersSource\s13\source-files\GameServer\GameServer\Debug\GameServer\mt.read.1.tlog
F:\Work\MuServersSource\s13\source-files\GameServer\GameServer\Debug\GameServer\mt.write.1.tlog
F:\WORK\MUSERVERSSOURCE\S13\SOURCE-FILES\GAMESERVER\GAMESERVER\DEBUG\GAMESERVER\MUFC.OBJ
F:\WORK\MUSERVERSSOURCE\S13\SOURCE-FILES\GAMESERVER\GAMESERVER\DEBUG\GAMESERVER\MURUMMY.OBJ
F:\WORK\MUSERVERSSOURCE\S13\SOURCE-FILES\GAMESERVER\GAMESERVER\DEBUG\GAMESERVER\MUUNSYSTEM.OBJ
F:\WORK\MUSERVERSSOURCE\S13\SOURCE-FILES\GAMESERVER\GAMESERVER\DEBUG\GAMESERVER\MYSTERIOUSSTONE.OBJ
F:\WORK\MUSERVERSSOURCE\S13\SOURCE-FILES\GAMESERVER\GAMESERVER\DEBUG\GAMESERVER\NEWQUESTWORLD.OBJ
F:\WORK\MUSERVERSSOURCE\S13\SOURCE-FILES\GAMESERVER\GAMESERVER\DEBUG\GAMESERVER\NEWSSYSTEM.OBJ
F:\WORK\MUSERVERSSOURCE\S13\SOURCE-FILES\GAMESERVER\GAMESERVER\DEBUG\GAMESERVER\NOTICE.OBJ
F:\WORK\MUSERVERSSOURCE\S13\SOURCE-FILES\GAMESERVER\GAMESERVER\DEBUG\GAMESERVER\NPCTALK.OBJ
F:\WORK\MUSERVERSSOURCE\S13\SOURCE-FILES\GAMESERVER\GAMESERVER\DEBUG\GAMESERVER\OBJECTMANAGER.OBJ
F:\WORK\MUSERVERSSOURCE\S13\SOURCE-FILES\GAMESERVER\GAMESERVER\DEBUG\GAMESERVER\OFICINA.OBJ
F:\WORK\MUSERVERSSOURCE\S13\SOURCE-FILES\GAMESERVER\GAMESERVER\DEBUG\GAMESERVER\PACKETMANAGER.OBJ
F:\WORK\MUSERVERSSOURCE\S13\SOURCE-FILES\GAMESERVER\GAMESERVER\DEBUG\GAMESERVER\PARTY.OBJ
F:\WORK\MUSERVERSSOURCE\S13\SOURCE-FILES\GAMESERVER\GAMESERVER\DEBUG\GAMESERVER\PARTYMATCHING.OBJ
F:\WORK\MUSERVERSSOURCE\S13\SOURCE-FILES\GAMESERVER\GAMESERVER\DEBUG\GAMESERVER\PATH.OBJ
F:\WORK\MUSERVERSSOURCE\S13\SOURCE-FILES\GAMESERVER\GAMESERVER\DEBUG\GAMESERVER\PCPOINT.OBJ
F:\WORK\MUSERVERSSOURCE\S13\SOURCE-FILES\GAMESERVER\GAMESERVER\DEBUG\GAMESERVER\PENTAGRAMSYSTEM.OBJ
F:\WORK\MUSERVERSSOURCE\S13\SOURCE-FILES\GAMESERVER\GAMESERVER\DEBUG\GAMESERVER\PERSONALSHOP.OBJ
F:\WORK\MUSERVERSSOURCE\S13\SOURCE-FILES\GAMESERVER\GAMESERVER\DEBUG\GAMESERVER\PROTECT.OBJ
F:\WORK\MUSERVERSSOURCE\S13\SOURCE-FILES\GAMESERVER\GAMESERVER\DEBUG\GAMESERVER\PROTOCOL.OBJ
F:\WORK\MUSERVERSSOURCE\S13\SOURCE-FILES\GAMESERVER\GAMESERVER\DEBUG\GAMESERVER\PUGIXML.OBJ
F:\WORK\MUSERVERSSOURCE\S13\SOURCE-FILES\GAMESERVER\GAMESERVER\DEBUG\GAMESERVER\QUEST.OBJ
F:\WORK\MUSERVERSSOURCE\S13\SOURCE-FILES\GAMESERVER\GAMESERVER\DEBUG\GAMESERVER\QUESTOBJECTIVE.OBJ
F:\WORK\MUSERVERSSOURCE\S13\SOURCE-FILES\GAMESERVER\GAMESERVER\DEBUG\GAMESERVER\QUESTREWARD.OBJ
F:\WORK\MUSERVERSSOURCE\S13\SOURCE-FILES\GAMESERVER\GAMESERVER\DEBUG\GAMESERVER\QUESTWORLD.OBJ
F:\WORK\MUSERVERSSOURCE\S13\SOURCE-FILES\GAMESERVER\GAMESERVER\DEBUG\GAMESERVER\QUESTWORLDOBJECTIVE.OBJ
F:\WORK\MUSERVERSSOURCE\S13\SOURCE-FILES\GAMESERVER\GAMESERVER\DEBUG\GAMESERVER\QUESTWORLDREWARD.OBJ
F:\WORK\MUSERVERSSOURCE\S13\SOURCE-FILES\GAMESERVER\GAMESERVER\DEBUG\GAMESERVER\QUEUE.OBJ
F:\WORK\MUSERVERSSOURCE\S13\SOURCE-FILES\GAMESERVER\GAMESERVER\DEBUG\GAMESERVER\QUEUETIMER.OBJ
F:\WORK\MUSERVERSSOURCE\S13\SOURCE-FILES\GAMESERVER\GAMESERVER\DEBUG\GAMESERVER\RAKLION.OBJ
F:\WORK\MUSERVERSSOURCE\S13\SOURCE-FILES\GAMESERVER\GAMESERVER\DEBUG\GAMESERVER\RAKLIONBATTLEOFSELUPAN.OBJ
F:\WORK\MUSERVERSSOURCE\S13\SOURCE-FILES\GAMESERVER\GAMESERVER\DEBUG\GAMESERVER\RAKLIONBATTLEUSER.OBJ
F:\WORK\MUSERVERSSOURCE\S13\SOURCE-FILES\GAMESERVER\GAMESERVER\DEBUG\GAMESERVER\RAKLIONBATTLEUSERMNG.OBJ
F:\WORK\MUSERVERSSOURCE\S13\SOURCE-FILES\GAMESERVER\GAMESERVER\DEBUG\GAMESERVER\RAKLIONOBJINFO.OBJ
F:\WORK\MUSERVERSSOURCE\S13\SOURCE-FILES\GAMESERVER\GAMESERVER\DEBUG\GAMESERVER\RAKLIONSELUPAN.OBJ
F:\WORK\MUSERVERSSOURCE\S13\SOURCE-FILES\GAMESERVER\GAMESERVER\DEBUG\GAMESERVER\RAKLIONUTIL.OBJ
F:\WORK\MUSERVERSSOURCE\S13\SOURCE-FILES\GAMESERVER\GAMESERVER\DEBUG\GAMESERVER\RANDOMMANAGER.OBJ
F:\Work\MuServersSource\s13\source-files\GameServer\GameServer\Debug\GameServer\rc.command.1.tlog
F:\Work\MuServersSource\s13\source-files\GameServer\GameServer\Debug\GameServer\rc.read.1.tlog
F:\Work\MuServersSource\s13\source-files\GameServer\GameServer\Debug\GameServer\rc.write.1.tlog
F:\WORK\MUSERVERSSOURCE\S13\SOURCE-FILES\GAMESERVER\GAMESERVER\DEBUG\GAMESERVER\RECONNECT.OBJ
F:\WORK\MUSERVERSSOURCE\S13\SOURCE-FILES\GAMESERVER\GAMESERVER\DEBUG\GAMESERVER\RESETTABLE.OBJ
F:\WORK\MUSERVERSSOURCE\S13\SOURCE-FILES\GAMESERVER\GAMESERVER\DEBUG\GAMESERVER\RESTORESOLDITEM.OBJ
F:\WORK\MUSERVERSSOURCE\S13\SOURCE-FILES\GAMESERVER\GAMESERVER\DEBUG\GAMESERVER\RHEAGOLD.OBJ
F:\WORK\MUSERVERSSOURCE\S13\SOURCE-FILES\GAMESERVER\GAMESERVER\DEBUG\GAMESERVER\RUUDTOKENREWARDPROBABILITY.OBJ
F:\WORK\MUSERVERSSOURCE\S13\SOURCE-FILES\GAMESERVER\GAMESERVER\DEBUG\GAMESERVER\SCHEDULEMANAGER.OBJ
F:\WORK\MUSERVERSSOURCE\S13\SOURCE-FILES\GAMESERVER\GAMESERVER\DEBUG\GAMESERVER\SERIALCHECK.OBJ
F:\WORK\MUSERVERSSOURCE\S13\SOURCE-FILES\GAMESERVER\GAMESERVER\DEBUG\GAMESERVER\SERVERDISPLAYER.OBJ
F:\WORK\MUSERVERSSOURCE\S13\SOURCE-FILES\GAMESERVER\GAMESERVER\DEBUG\GAMESERVER\SERVERINFO.OBJ
F:\WORK\MUSERVERSSOURCE\S13\SOURCE-FILES\GAMESERVER\GAMESERVER\DEBUG\GAMESERVER\SETITEMOPTION.OBJ
F:\WORK\MUSERVERSSOURCE\S13\SOURCE-FILES\GAMESERVER\GAMESERVER\DEBUG\GAMESERVER\SETITEMTYPE.OBJ
F:\WORK\MUSERVERSSOURCE\S13\SOURCE-FILES\GAMESERVER\GAMESERVER\DEBUG\GAMESERVER\SHOP.OBJ
F:\WORK\MUSERVERSSOURCE\S13\SOURCE-FILES\GAMESERVER\GAMESERVER\DEBUG\GAMESERVER\SHOPMANAGER.OBJ
F:\WORK\MUSERVERSSOURCE\S13\SOURCE-FILES\GAMESERVER\GAMESERVER\DEBUG\GAMESERVER\SILVESTER.OBJ
F:\WORK\MUSERVERSSOURCE\S13\SOURCE-FILES\GAMESERVER\GAMESERVER\DEBUG\GAMESERVER\SKILL.OBJ
F:\WORK\MUSERVERSSOURCE\S13\SOURCE-FILES\GAMESERVER\GAMESERVER\DEBUG\GAMESERVER\SKILLHITBOX.OBJ
F:\WORK\MUSERVERSSOURCE\S13\SOURCE-FILES\GAMESERVER\GAMESERVER\DEBUG\GAMESERVER\SKILLMANAGER.OBJ
F:\WORK\MUSERVERSSOURCE\S13\SOURCE-FILES\GAMESERVER\GAMESERVER\DEBUG\GAMESERVER\SOCKETCHAOS.OBJ
F:\WORK\MUSERVERSSOURCE\S13\SOURCE-FILES\GAMESERVER\GAMESERVER\DEBUG\GAMESERVER\SOCKETITEMOPTION.OBJ
F:\WORK\MUSERVERSSOURCE\S13\SOURCE-FILES\GAMESERVER\GAMESERVER\DEBUG\GAMESERVER\SOCKETITEMTYPE.OBJ
F:\WORK\MUSERVERSSOURCE\S13\SOURCE-FILES\GAMESERVER\GAMESERVER\DEBUG\GAMESERVER\SOCKETMANAGER.OBJ
F:\WORK\MUSERVERSSOURCE\S13\SOURCE-FILES\GAMESERVER\GAMESERVER\DEBUG\GAMESERVER\SOCKETMANAGERUDP.OBJ
F:\WORK\MUSERVERSSOURCE\S13\SOURCE-FILES\GAMESERVER\GAMESERVER\DEBUG\GAMESERVER\SPEEDFILA.OBJ
F:\WORK\MUSERVERSSOURCE\S13\SOURCE-FILES\GAMESERVER\GAMESERVER\DEBUG\GAMESERVER\STATSPECIALIZE.OBJ
F:\WORK\MUSERVERSSOURCE\S13\SOURCE-FILES\GAMESERVER\GAMESERVER\DEBUG\GAMESERVER\STDAFX.OBJ
F:\WORK\MUSERVERSSOURCE\S13\SOURCE-FILES\GAMESERVER\GAMESERVER\DEBUG\GAMESERVER\SUMMONSCROLL.OBJ
F:\WORK\MUSERVERSSOURCE\S13\SOURCE-FILES\GAMESERVER\GAMESERVER\DEBUG\GAMESERVER\SXIDECRYP.OBJ
F:\WORK\MUSERVERSSOURCE\S13\SOURCE-FILES\GAMESERVER\GAMESERVER\DEBUG\GAMESERVER\TRADE.OBJ
F:\WORK\MUSERVERSSOURCE\S13\SOURCE-FILES\GAMESERVER\GAMESERVER\DEBUG\GAMESERVER\UNION.OBJ
F:\WORK\MUSERVERSSOURCE\S13\SOURCE-FILES\GAMESERVER\GAMESERVER\DEBUG\GAMESERVER\UNIONINFO.OBJ
F:\WORK\MUSERVERSSOURCE\S13\SOURCE-FILES\GAMESERVER\GAMESERVER\DEBUG\GAMESERVER\UNITYBATTLEFIELD.OBJ
F:\WORK\MUSERVERSSOURCE\S13\SOURCE-FILES\GAMESERVER\GAMESERVER\DEBUG\GAMESERVER\USER.OBJ
F:\WORK\MUSERVERSSOURCE\S13\SOURCE-FILES\GAMESERVER\GAMESERVER\DEBUG\GAMESERVER\UTIL.OBJ
F:\Work\MuServersSource\s13\source-files\GameServer\GameServer\Debug\GameServer\vc100.idb
F:\WORK\MUSERVERSSOURCE\S13\SOURCE-FILES\GAMESERVER\GAMESERVER\DEBUG\GAMESERVER\VC100.PDB
F:\WORK\MUSERVERSSOURCE\S13\SOURCE-FILES\GAMESERVER\GAMESERVER\DEBUG\GAMESERVER\VIEWPORT.OBJ
F:\WORK\MUSERVERSSOURCE\S13\SOURCE-FILES\GAMESERVER\GAMESERVER\DEBUG\GAMESERVER\WAREHOUSE.OBJ
F:\WORK\MUSERVERSSOURCE\S13\SOURCE-FILES\GAMESERVER\GAMESERVER\DEBUG\GAMESERVER\WINGS4THOPTION.OBJ
